[    0.000000] Linux version 5.14.0-284.147.1.el9_2.x86_64 (mockbuild@x86-64-02.build.eng.rdu2.redhat.com) (gcc (GCC) 11.3.1 20221121 (Red Hat 11.3.1-4), GNU ld version 2.35.2-37.el9) #1 SMP PREEMPT_DYNAMIC Mon Nov 10 20:53:54 EST 2025
[    0.000000] The list of certified hardware and cloud instances for Red Hat Enterprise Linux 9 can be viewed at the Red Hat Ecosystem Catalog, https://catalog.redhat.com.
[    0.000000] Command line: BOOT_IMAGE=(hd0,gpt3)/ostree/rhcos-b4e01e668cc6c3f84feac0da240de838665a5d4f22652595b0ad6c01a6105c51/vmlinuz-5.14.0-284.147.1.el9_2.x86_64 ignition.platform.id=metal ostree=/ostree/boot.0/rhcos/b4e01e668cc6c3f84feac0da240de838665a5d4f22652595b0ad6c01a6105c51/0 root=UUID=06c4a46c-9e8d-47ee-80a4-0b961f086b9a rw rootflags=prjquota boot=UUID=204943f6-ba1b-49f4-93e0-821a65e78b58 systemd.unified_cgroup_hierarchy=1 cgroup_no_v1=all psi=1
[    0.000000] x86/fpu: Supporting XSAVE feature 0x001: 'x87 floating point registers'
[    0.000000] x86/fpu: Supporting XSAVE feature 0x002: 'SSE registers'
[    0.000000] x86/fpu: Supporting XSAVE feature 0x004: 'AVX registers'
[    0.000000] x86/fpu: Supporting XSAVE feature 0x008: 'MPX bounds registers'
[    0.000000] x86/fpu: Supporting XSAVE feature 0x010: 'MPX CSR'
[    0.000000] x86/fpu: Supporting XSAVE feature 0x020: 'AVX-512 opmask'
[    0.000000] x86/fpu: Supporting XSAVE feature 0x040: 'AVX-512 Hi256'
[    0.000000] x86/fpu: Supporting XSAVE feature 0x080: 'AVX-512 ZMM_Hi256'
[    0.000000] x86/fpu: Supporting XSAVE feature 0x200: 'Protection Keys User registers'
[    0.000000] x86/fpu: xstate_offset[2]:  576, xstate_sizes[2]:  256
[    0.000000] x86/fpu: xstate_offset[3]:  832, xstate_sizes[3]:   64
[    0.000000] x86/fpu: xstate_offset[4]:  896, xstate_sizes[4]:   64
[    0.000000] x86/fpu: xstate_offset[5]:  960, xstate_sizes[5]:   64
[    0.000000] x86/fpu: xstate_offset[6]: 1024, xstate_sizes[6]:  512
[    0.000000] x86/fpu: xstate_offset[7]: 1536, xstate_sizes[7]: 1024
[    0.000000] x86/fpu: xstate_offset[9]: 2560, xstate_sizes[9]:    8
[    0.000000] x86/fpu: Enabled xstate features 0x2ff, context size is 2568 bytes, using 'compacted' format.
[    0.000000] signal: max sigframe size: 3632
[    0.000000] BIOS-provided physical RAM map:
[    0.000000] BIOS-e820: [mem 0x0000000000000000-0x000000000002ffff] usable
[    0.000000] BIOS-e820: [mem 0x0000000000030000-0x000000000004ffff] reserved
[    0.000000] BIOS-e820: [mem 0x0000000000050000-0x000000000009efff] usable
[    0.000000] BIOS-e820: [mem 0x000000000009f000-0x000000000009ffff] reserved
[    0.000000] BIOS-e820: [mem 0x0000000000100000-0x000000007e8ecfff] usable
[    0.000000] BIOS-e820: [mem 0x000000007e8ed000-0x000000007eb6cfff] reserved
[    0.000000] BIOS-e820: [mem 0x000000007eb6d000-0x000000007eb7efff] ACPI data
[    0.000000] BIOS-e820: [mem 0x000000007eb7f000-0x000000007ebfefff] ACPI NVS
[    0.000000] BIOS-e820: [mem 0x000000007ebff000-0x000000007effffff] usable
[    0.000000] BIOS-e820: [mem 0x000000007f000000-0x000000007fffffff] reserved
[    0.000000] BIOS-e820: [mem 0x00000000e0000000-0x00000000efffffff] reserved
[    0.000000] BIOS-e820: [mem 0x00000000feffc000-0x00000000feffffff] reserved
[    0.000000] BIOS-e820: [mem 0x0000000100000000-0x000000107fffffff] usable
[    0.000000] NX (Execute Disable) protection: active
[    0.000000] e820: update [mem 0x7ced9018-0x7cee2a57] usable ==> usable
[    0.000000] e820: update [mem 0x7ced9018-0x7cee2a57] usable ==> usable
[    0.000000] e820: update [mem 0x7cea3018-0x7ced8457] usable ==> usable
[    0.000000] e820: update [mem 0x7cea3018-0x7ced8457] usable ==> usable
[    0.000000] extended physical RAM map:
[    0.000000] reserve setup_data: [mem 0x0000000000000000-0x000000000002ffff] usable
[    0.000000] reserve setup_data: [mem 0x0000000000030000-0x000000000004ffff] reserved
[    0.000000] reserve setup_data: [mem 0x0000000000050000-0x000000000009efff] usable
[    0.000000] reserve setup_data: [mem 0x000000000009f000-0x000000000009ffff] reserved
[    0.000000] reserve setup_data: [mem 0x0000000000100000-0x000000007cea3017] usable
[    0.000000] reserve setup_data: [mem 0x000000007cea3018-0x000000007ced8457] usable
[    0.000000] reserve setup_data: [mem 0x000000007ced8458-0x000000007ced9017] usable
[    0.000000] reserve setup_data: [mem 0x000000007ced9018-0x000000007cee2a57] usable
[    0.000000] reserve setup_data: [mem 0x000000007cee2a58-0x000000007e8ecfff] usable
[    0.000000] reserve setup_data: [mem 0x000000007e8ed000-0x000000007eb6cfff] reserved
[    0.000000] reserve setup_data: [mem 0x000000007eb6d000-0x000000007eb7efff] ACPI data
[    0.000000] reserve setup_data: [mem 0x000000007eb7f000-0x000000007ebfefff] ACPI NVS
[    0.000000] reserve setup_data: [mem 0x000000007ebff000-0x000000007effffff] usable
[    0.000000] reserve setup_data: [mem 0x000000007f000000-0x000000007fffffff] reserved
[    0.000000] reserve setup_data: [mem 0x00000000e0000000-0x00000000efffffff] reserved
[    0.000000] reserve setup_data: [mem 0x00000000feffc000-0x00000000feffffff] reserved
[    0.000000] reserve setup_data: [mem 0x0000000100000000-0x000000107fffffff] usable
[    0.000000] efi: EFI v2.70 by EDK II
[    0.000000] efi: SMBIOS=0x7e9d5000 ACPI=0x7eb7e000 ACPI 2.0=0x7eb7e014 MEMATTR=0x7cee3018 MOKvar=0x7e982000 RNG=0x7e983818 
[    0.000000] efi: seeding entropy pool
[    0.000000] efi: memattr: Unexpected EFI Memory Attributes table version 2
[    0.000000] secureboot: Secure boot disabled
[    0.000000] SMBIOS 2.8 present.
[    0.000000] DMI: Red Hat KVM/RHEL, BIOS edk2-20231122-6.el9_4.8 11/22/2023
[    0.000000] Hypervisor detected: KVM
[    0.000000] kvm-clock: Using msrs 4b564d01 and 4b564d00
[    0.000001] kvm-clock: using sched offset of 2385735656647 cycles
[    0.000003] clocksource: kvm-clock: mask: 0xffffffffffffffff max_cycles: 0x1cd42e4dffb, max_idle_ns: 881590591483 ns
[    0.000004] tsc: Detected 2095.072 MHz processor
[    0.000086] e820: update [mem 0x00000000-0x00000fff] usable ==> reserved
[    0.000088] e820: remove [mem 0x000a0000-0x000fffff] usable
[    0.000094] last_pfn = 0x1080000 max_arch_pfn = 0x400000000
[    0.000129] x86/PAT: Configuration [0-7]: WB  WC  UC- UC  WB  WP  UC- WT  
[    0.000137] last_pfn = 0x7f000 max_arch_pfn = 0x400000000
[    0.012640] Using GB pages for direct mapping
[    0.012794] secureboot: Secure boot disabled
[    0.012794] RAMDISK: [mem 0x68c6d000-0x6ec4dfff]
[    0.012798] ACPI: Early table checksum verification disabled
[    0.012801] ACPI: RSDP 0x000000007EB7E014 000024 (v02 BOCHS )
[    0.012804] ACPI: XSDT 0x000000007EB7D0E8 00004C (v01 BOCHS  BXPC     00000001      01000013)
[    0.012809] ACPI: FACP 0x000000007EB78000 0000F4 (v03 BOCHS  BXPC     00000001 BXPC 00000001)
[    0.012814] ACPI: DSDT 0x000000007EB79000 003227 (v01 BOCHS  BXPC     00000001 BXPC 00000001)
[    0.012818] ACPI: FACS 0x000000007EBDD000 000040
[    0.012820] ACPI: APIC 0x000000007EB77000 000130 (v03 BOCHS  BXPC     00000001 BXPC 00000001)
[    0.012823] ACPI: MCFG 0x000000007EB76000 00003C (v01 BOCHS  BXPC     00000001 BXPC 00000001)
[    0.012827] ACPI: WAET 0x000000007EB75000 000028 (v01 BOCHS  BXPC     00000001 BXPC 00000001)
[    0.012829] ACPI: BGRT 0x000000007EB74000 000038 (v01 INTEL  EDK2     00000002      01000013)
[    0.012831] ACPI: Reserving FACP table memory at [mem 0x7eb78000-0x7eb780f3]
[    0.012833] ACPI: Reserving DSDT table memory at [mem 0x7eb79000-0x7eb7c226]
[    0.012834] ACPI: Reserving FACS table memory at [mem 0x7ebdd000-0x7ebdd03f]
[    0.012834] ACPI: Reserving APIC table memory at [mem 0x7eb77000-0x7eb7712f]
[    0.012835] ACPI: Reserving MCFG table memory at [mem 0x7eb76000-0x7eb7603b]
[    0.012835] ACPI: Reserving WAET table memory at [mem 0x7eb75000-0x7eb75027]
[    0.012836] ACPI: Reserving BGRT table memory at [mem 0x7eb74000-0x7eb74037]
[    0.013102] No NUMA configuration found
[    0.013103] Faking a node at [mem 0x0000000000000000-0x000000107fffffff]
[    0.013112] NODE_DATA(0) allocated [mem 0x107ffd5000-0x107fffffff]
[    0.013568] Zone ranges:
[    0.013569]   DMA      [mem 0x0000000000001000-0x0000000000ffffff]
[    0.013571]   DMA32    [mem 0x0000000001000000-0x00000000ffffffff]
[    0.013572]   Normal   [mem 0x0000000100000000-0x000000107fffffff]
[    0.013573]   Device   empty
[    0.013574] Movable zone start for each node
[    0.013576] Early memory node ranges
[    0.013577]   node   0: [mem 0x0000000000001000-0x000000000002ffff]
[    0.013578]   node   0: [mem 0x0000000000050000-0x000000000009efff]
[    0.013579]   node   0: [mem 0x0000000000100000-0x000000007e8ecfff]
[    0.013580]   node   0: [mem 0x000000007ebff000-0x000000007effffff]
[    0.013581]   node   0: [mem 0x0000000100000000-0x000000107fffffff]
[    0.013588] Initmem setup node 0 [mem 0x0000000000001000-0x000000107fffffff]
[    0.013596] On node 0, zone DMA: 1 pages in unavailable ranges
[    0.013599] On node 0, zone DMA: 32 pages in unavailable ranges
[    0.013646] On node 0, zone DMA: 97 pages in unavailable ranges
[    0.018750] On node 0, zone DMA32: 786 pages in unavailable ranges
[    0.019170] On node 0, zone Normal: 4096 pages in unavailable ranges
[    0.020443] ACPI: PM-Timer IO Port: 0x608
[    0.020458] ACPI: LAPIC_NMI (acpi_id[0xff] dfl dfl lint[0x1])
[    0.020491] IOAPIC[0]: apic_id 0, version 17, address 0xfec00000, GSI 0-23
[    0.020495] ACPI: INT_SRC_OVR (bus 0 bus_irq 0 global_irq 2 dfl dfl)
[    0.020496] ACPI: INT_SRC_OVR (bus 0 bus_irq 5 global_irq 5 high level)
[    0.020498] ACPI: INT_SRC_OVR (bus 0 bus_irq 9 global_irq 9 high level)
[    0.020499] ACPI: INT_SRC_OVR (bus 0 bus_irq 10 global_irq 10 high level)
[    0.020500] ACPI: INT_SRC_OVR (bus 0 bus_irq 11 global_irq 11 high level)
[    0.020505] ACPI: Using ACPI (MADT) for SMP configuration information
[    0.020514] e820: update [mem 0x7cf41000-0x7cf49fff] usable ==> reserved
[    0.020525] TSC deadline timer available
[    0.020526] smpboot: Allowing 24 CPUs, 0 hotplug CPUs
[    0.020549] kvm-guest: KVM setup pv remote TLB flush
[    0.020553] kvm-guest: setup PV sched yield
[    0.020576] PM: hibernation: Registered nosave memory: [mem 0x00000000-0x00000fff]
[    0.020580] PM: hibernation: Registered nosave memory: [mem 0x00030000-0x0004ffff]
[    0.020583] PM: hibernation: Registered nosave memory: [mem 0x0009f000-0x0009ffff]
[    0.020584] PM: hibernation: Registered nosave memory: [mem 0x000a0000-0x000fffff]
[    0.020588] PM: hibernation: Registered nosave memory: [mem 0x7cea3000-0x7cea3fff]
[    0.020591] PM: hibernation: Registered nosave memory: [mem 0x7ced8000-0x7ced8fff]
[    0.020593] PM: hibernation: Registered nosave memory: [mem 0x7ced9000-0x7ced9fff]
[    0.020596] PM: hibernation: Registered nosave memory: [mem 0x7cee2000-0x7cee2fff]
[    0.020599] PM: hibernation: Registered nosave memory: [mem 0x7cf41000-0x7cf49fff]
[    0.020603] PM: hibernation: Registered nosave memory: [mem 0x7e8ed000-0x7eb6cfff]
[    0.020604] PM: hibernation: Registered nosave memory: [mem 0x7eb6d000-0x7eb7efff]
[    0.020605] PM: hibernation: Registered nosave memory: [mem 0x7eb7f000-0x7ebfefff]
[    0.020609] PM: hibernation: Registered nosave memory: [mem 0x7f000000-0x7fffffff]
[    0.020610] PM: hibernation: Registered nosave memory: [mem 0x80000000-0xdfffffff]
[    0.020612] PM: hibernation: Registered nosave memory: [mem 0xe0000000-0xefffffff]
[    0.020613] PM: hibernation: Registered nosave memory: [mem 0xf0000000-0xfeffbfff]
[    0.020614] PM: hibernation: Registered nosave memory: [mem 0xfeffc000-0xfeffffff]
[    0.020616] PM: hibernation: Registered nosave memory: [mem 0xff000000-0xffffffff]
[    0.020618] [mem 0x80000000-0xdfffffff] available for PCI devices
[    0.020620] Booting paravirtualized kernel on KVM
[    0.020623] clocksource: refined-jiffies: mask: 0xffffffff max_cycles: 0xffffffff, max_idle_ns: 1910969940391419 ns
[    0.025172] setup_percpu: NR_CPUS:8192 nr_cpumask_bits:24 nr_cpu_ids:24 nr_node_ids:1
[    0.026290] percpu: Embedded 55 pages/cpu s188416 r8192 d28672 u262144
[    0.026297] pcpu-alloc: s188416 r8192 d28672 u262144 alloc=1*2097152
[    0.026299] pcpu-alloc: [0] 00 01 02 03 04 05 06 07 [0] 08 09 10 11 12 13 14 15 
[    0.026305] pcpu-alloc: [0] 16 17 18 19 20 21 22 23 
[    0.026341] kvm-guest: PV spinlocks enabled
[    0.026343] PV qspinlock hash table entries: 256 (order: 0, 4096 bytes, linear)
[    0.026350] Fallback order for Node 0: 0 
[    0.026353] Built 1 zonelists, mobility grouping on.  Total pages: 16507993
[    0.026354] Policy zone: Normal
[    0.026355] Kernel command line: BOOT_IMAGE=(hd0,gpt3)/ostree/rhcos-b4e01e668cc6c3f84feac0da240de838665a5d4f22652595b0ad6c01a6105c51/vmlinuz-5.14.0-284.147.1.el9_2.x86_64 ignition.platform.id=metal ostree=/ostree/boot.0/rhcos/b4e01e668cc6c3f84feac0da240de838665a5d4f22652595b0ad6c01a6105c51/0 root=UUID=06c4a46c-9e8d-47ee-80a4-0b961f086b9a rw rootflags=prjquota boot=UUID=204943f6-ba1b-49f4-93e0-821a65e78b58 systemd.unified_cgroup_hierarchy=1 cgroup_no_v1=all psi=1
[    0.026462] Unknown kernel command line parameters "BOOT_IMAGE=(hd0,gpt3)/ostree/rhcos-b4e01e668cc6c3f84feac0da240de838665a5d4f22652595b0ad6c01a6105c51/vmlinuz-5.14.0-284.147.1.el9_2.x86_64 ostree=/ostree/boot.0/rhcos/b4e01e668cc6c3f84feac0da240de838665a5d4f22652595b0ad6c01a6105c51/0 boot=UUID=204943f6-ba1b-49f4-93e0-821a65e78b58", will be passed to user space.
[    0.035864] Dentry cache hash table entries: 8388608 (order: 14, 67108864 bytes, linear)
[    0.041105] Inode-cache hash table entries: 4194304 (order: 13, 33554432 bytes, linear)
[    0.041777] mem auto-init: stack:off, heap alloc:off, heap free:off
[    0.041782] software IO TLB: area num 32.
[    0.084953] Memory: 1997432K/67088816K available (14336K kernel code, 5536K rwdata, 10220K rodata, 2796K init, 7500K bss, 1411072K reserved, 0K cma-reserved)
[    0.084961] random: get_random_u64 called from kmem_cache_open+0x1e/0x310 with crng_init=0
[    0.085270] SLUB: HWalign=64, Order=0-3, MinObjects=0, CPUs=24, Nodes=1
[    0.085292] ftrace: allocating 44915 entries in 176 pages
[    0.107189] ftrace: allocated 176 pages with 3 groups
[    0.107945] Dynamic Preempt: voluntary
[    0.108050] rcu: Preemptible hierarchical RCU implementation.
[    0.108050] rcu: 	RCU restricting CPUs from NR_CPUS=8192 to nr_cpu_ids=24.
[    0.108052] 	Trampoline variant of Tasks RCU enabled.
[    0.108052] 	Rude variant of Tasks RCU enabled.
[    0.108053] 	Tracing variant of Tasks RCU enabled.
[    0.108054] rcu: RCU calculated value of scheduler-enlistment delay is 100 jiffies.
[    0.108055] rcu: Adjusting geometry for rcu_fanout_leaf=16, nr_cpu_ids=24
[    0.112021] NR_IRQS: 524544, nr_irqs: 616, preallocated irqs: 16
[    0.112218] rcu: srcu_init: Setting srcu_struct sizes based on contention.
[    0.112338] kfence: initialized - using 2097152 bytes for 255 objects at 0x(____ptrval____)-0x(____ptrval____)
[    0.112346] random: crng init done (trusting CPU's manufacturer)
[    0.112426] Console: colour dummy device 80x25
[    0.112684] printk: console [tty0] enabled
[    0.112735] ACPI: Core revision 20211217
[    0.112788] APIC: Switch to symmetric I/O mode setup
[    0.112964] x2apic enabled
[    0.113135] Switched APIC routing to physical x2apic.
[    0.113138] kvm-guest: setup PV IPIs
[    0.113863] clocksource: tsc-early: mask: 0xffffffffffffffff max_cycles: 0x1e330161aef, max_idle_ns: 440795271217 ns
[    0.113871] Calibrating delay loop (skipped) preset value.. 4190.14 BogoMIPS (lpj=2095072)
[    0.113876] pid_max: default: 32768 minimum: 301
[    0.114869] LSM: Security Framework initializing
[    0.114869] Yama: becoming mindful.
[    0.114869] SELinux:  Initializing.
[    0.114869] LSM support for eBPF active
[    0.114869] Mount-cache hash table entries: 131072 (order: 8, 1048576 bytes, linear)
[    0.114869] Mountpoint-cache hash table entries: 131072 (order: 8, 1048576 bytes, linear)
[    0.114869] Disabling cpuset control group subsystem in v1 mounts
[    0.114869] Disabling cpu control group subsystem in v1 mounts
[    0.114869] Disabling cpuacct control group subsystem in v1 mounts
[    0.114869] Disabling io control group subsystem in v1 mounts
[    0.114869] Disabling memory control group subsystem in v1 mounts
[    0.114869] Disabling devices control group subsystem in v1 mounts
[    0.114869] Disabling freezer control group subsystem in v1 mounts
[    0.114869] Disabling net_cls control group subsystem in v1 mounts
[    0.114869] Disabling perf_event control group subsystem in v1 mounts
[    0.114869] Disabling net_prio control group subsystem in v1 mounts
[    0.114869] Disabling hugetlb control group subsystem in v1 mounts
[    0.114869] Disabling pids control group subsystem in v1 mounts
[    0.114869] Disabling rdma control group subsystem in v1 mounts
[    0.114869] Disabling misc control group subsystem in v1 mounts
[    0.114869] x86/cpu: User Mode Instruction Prevention (UMIP) activated
[    0.114869] Last level iTLB entries: 4KB 0, 2MB 0, 4MB 0
[    0.114869] Last level dTLB entries: 4KB 0, 2MB 0, 4MB 0, 1GB 0
[    0.114869] Spectre V1 : Mitigation: usercopy/swapgs barriers and __user pointer sanitization
[    0.114869] Spectre V2 : Spectre BHI mitigation: SW BHB clearing on vm exit
[    0.114869] Spectre V2 : Spectre BHI mitigation: SW BHB clearing on syscall
[    0.114869] Spectre V2 : Mitigation: Enhanced IBRS
[    0.114869] Spectre V2 : Spectre v2 / SpectreRSB mitigation: Filling RSB on context switch
[    0.114869] Spectre V2 : Spectre v2 / PBRSB-eIBRS: Retire a single CALL on VMEXIT
[    0.114869] RETBleed: Mitigation: Enhanced IBRS
[    0.114869] Spectre V2 : mitigation: Enabling conditional Indirect Branch Prediction Barrier
[    0.114869] Speculative Store Bypass: Mitigation: Speculative Store Bypass disabled via prctl
[    0.114869] TAA: Mitigation: TSX disabled
[    0.114869] MMIO Stale Data: Mitigation: Clear CPU buffers
[    0.114869] Freeing SMP alternatives memory: 36K
[    0.114869] smpboot: CPU0: Intel(R) Xeon(R) Gold 5218R CPU @ 2.10GHz (family: 0x6, model: 0x55, stepping: 0x7)
[    0.114869] cblist_init_generic: Setting adjustable number of callback queues.
[    0.114869] cblist_init_generic: Setting shift to 5 and lim to 1.
[    0.114869] cblist_init_generic: Setting shift to 5 and lim to 1.
[    0.114869] cblist_init_generic: Setting shift to 5 and lim to 1.
[    0.114869] Performance Events: Skylake events, full-width counters, Intel PMU driver.
[    0.114869] ... version:                2
[    0.114869] ... bit width:              48
[    0.114869] ... generic registers:      4
[    0.114869] ... value mask:             0000ffffffffffff
[    0.114869] ... max period:             00007fffffffffff
[    0.114869] ... fixed-purpose events:   3
[    0.114869] ... event mask:             000000070000000f
[    0.114869] rcu: Hierarchical SRCU implementation.
[    0.114869] rcu: 	Max phase no-delay instances is 400.
[    0.114869] smp: Bringing up secondary CPUs ...
[    0.114903] x86: Booting SMP configuration:
[    0.114905] .... node  #0, CPUs:        #1
[    0.002643] smpboot: CPU 1 Converting physical 0 to logical die 1
[    0.115964]   #2
[    0.002643] smpboot: CPU 2 Converting physical 0 to logical die 2
[    0.116970]   #3
[    0.002643] smpboot: CPU 3 Converting physical 0 to logical die 3
[    0.117958]   #4
[    0.002643] smpboot: CPU 4 Converting physical 0 to logical die 4
[    0.118952]   #5
[    0.002643] smpboot: CPU 5 Converting physical 0 to logical die 5
[    0.119971]   #6
[    0.002643] smpboot: CPU 6 Converting physical 0 to logical die 6
[    0.120963]   #7
[    0.002643] smpboot: CPU 7 Converting physical 0 to logical die 7
[    0.121956]   #8
[    0.002643] smpboot: CPU 8 Converting physical 0 to logical die 8
[    0.122958]   #9
[    0.002643] smpboot: CPU 9 Converting physical 0 to logical die 9
[    0.123968]  #10
[    0.002643] smpboot: CPU 10 Converting physical 0 to logical die 10
[    0.124984]  #11
[    0.002643] smpboot: CPU 11 Converting physical 0 to logical die 11
[    0.125957]  #12
[    0.002643] smpboot: CPU 12 Converting physical 0 to logical die 12
[    0.126973]  #13
[    0.002643] smpboot: CPU 13 Converting physical 0 to logical die 13
[    0.127989]  #14
[    0.002643] smpboot: CPU 14 Converting physical 0 to logical die 14
[    0.128973]  #15
[    0.002643] smpboot: CPU 15 Converting physical 0 to logical die 15
[    0.129970]  #16
[    0.002643] smpboot: CPU 16 Converting physical 0 to logical die 16
[    0.130974]  #17
[    0.002643] smpboot: CPU 17 Converting physical 0 to logical die 17
[    0.132023]  #18
[    0.002643] smpboot: CPU 18 Converting physical 0 to logical die 18
[    0.132980]  #19
[    0.002643] smpboot: CPU 19 Converting physical 0 to logical die 19
[    0.133970]  #20
[    0.002643] smpboot: CPU 20 Converting physical 0 to logical die 20
[    0.134981]  #21
[    0.002643] smpboot: CPU 21 Converting physical 0 to logical die 21
[    0.135984]  #22
[    0.002643] smpboot: CPU 22 Converting physical 0 to logical die 22
[    0.136973]  #23
[    0.002643] smpboot: CPU 23 Converting physical 0 to logical die 23
[    0.138076] smp: Brought up 1 node, 24 CPUs
[    0.138083] smpboot: Max logical packages: 24
[    0.138087] smpboot: Total of 24 processors activated (100563.45 BogoMIPS)
[    0.190897] node 0 deferred pages initialised in 52ms
[    0.195022] devtmpfs: initialized
[    0.195022] x86/mm: Memory block size: 2048MB
[    0.195342] ACPI: PM: Registering ACPI NVS region [mem 0x7eb7f000-0x7ebfefff] (524288 bytes)
[    0.195342] clocksource: jiffies: mask: 0xffffffff max_cycles: 0xffffffff, max_idle_ns: 1911260446275000 ns
[    0.195342] futex hash table entries: 8192 (order: 7, 524288 bytes, linear)
[    0.195342] pinctrl core: initialized pinctrl subsystem
[    0.196499] NET: Registered PF_NETLINK/PF_ROUTE protocol family
[    0.196631] DMA: preallocated 4096 KiB GFP_KERNEL pool for atomic allocations
[    0.196643] DMA: preallocated 4096 KiB GFP_KERNEL|GFP_DMA pool for atomic allocations
[    0.196653] DMA: preallocated 4096 KiB GFP_KERNEL|GFP_DMA32 pool for atomic allocations
[    0.196664] audit: initializing netlink subsys (disabled)
[    0.196700] audit: type=2000 audit(1763371916.438:1): state=initialized audit_enabled=0 res=1
[    0.196700] thermal_sys: Registered thermal governor 'fair_share'
[    0.196700] thermal_sys: Registered thermal governor 'step_wise'
[    0.196700] thermal_sys: Registered thermal governor 'user_space'
[    0.196880] cpuidle: using governor menu
[    0.197087] HugeTLB: can optimize 4095 vmemmap pages for hugepages-1048576kB
[    0.197092] acpiphp: ACPI Hot Plug PCI Controller Driver version: 0.5
[    0.197273] PCI: MMCONFIG for domain 0000 [bus 00-ff] at [mem 0xe0000000-0xefffffff] (base 0xe0000000)
[    0.197280] PCI: MMCONFIG at [mem 0xe0000000-0xefffffff] reserved in E820
[    0.197294] PCI: Using configuration type 1 for base access
[    0.199240] kprobes: kprobe jump-optimization is enabled. All kprobes are optimized if possible.
[    0.199326] HugeTLB: can optimize 7 vmemmap pages for hugepages-2048kB
[    0.199326] HugeTLB registered 1.00 GiB page size, pre-allocated 0 pages
[    0.199326] HugeTLB registered 2.00 MiB page size, pre-allocated 0 pages
[    0.199326] cryptd: max_cpu_qlen set to 1000
[    0.199326] ACPI: Added _OSI(Module Device)
[    0.199326] ACPI: Added _OSI(Processor Device)
[    0.199326] ACPI: Added _OSI(3.0 _SCP Extensions)
[    0.199326] ACPI: Added _OSI(Processor Aggregator Device)
[    0.199326] ACPI: Added _OSI(Linux-Dell-Video)
[    0.199326] ACPI: Added _OSI(Linux-Lenovo-NV-HDMI-Audio)
[    0.199326] ACPI: Added _OSI(Linux-HPI-Hybrid-Graphics)
[    0.201021] ACPI: 1 ACPI AML tables successfully acquired and loaded
[    0.201684] ACPI: Interpreter enabled
[    0.201693] ACPI: PM: (supports S0 S5)
[    0.201695] ACPI: Using IOAPIC for interrupt routing
[    0.201715] PCI: Using host bridge windows from ACPI; if necessary, use "pci=nocrs" and report a bug
[    0.201717] PCI: Ignoring E820 reservations for host bridge windows
[    0.201821] ACPI: Enabled 2 GPEs in block 00 to 3F
[    0.204502] ACPI: PCI Root Bridge [PCI0] (domain 0000 [bus 00-ff])
[    0.204511] acpi PNP0A08:00: _OSC: OS supports [ExtendedConfig ASPM ClockPM Segments MSI EDR HPX-Type3]
[    0.204545] acpi PNP0A08:00: _OSC: platform does not support [PCIeHotplug LTR DPC]
[    0.204591] acpi PNP0A08:00: _OSC: OS now controls [SHPCHotplug PME AER PCIeCapability]
[    0.204852] PCI host bridge to bus 0000:00
[    0.204854] pci_bus 0000:00: root bus resource [io  0x0000-0x0cf7 window]
[    0.204858] pci_bus 0000:00: root bus resource [io  0x0d00-0xffff window]
[    0.204860] pci_bus 0000:00: root bus resource [mem 0x000a0000-0x000bffff window]
[    0.204863] pci_bus 0000:00: root bus resource [mem 0x80000000-0xdfffffff window]
[    0.204866] pci_bus 0000:00: root bus resource [mem 0xf0000000-0xfebfffff window]
[    0.204868] pci_bus 0000:00: root bus resource [mem 0x380000000000-0x387000003fff window]
[    0.204874] pci_bus 0000:00: root bus resource [bus 00-ff]
[    0.204923] pci 0000:00:00.0: [8086:29c0] type 00 class 0x060000
[    0.205382] pci 0000:00:01.0: [1af4:1050] type 00 class 0x030000
[    0.206899] pci 0000:00:01.0: reg 0x10: [mem 0x80000000-0x807fffff pref]
[    0.211893] pci 0000:00:01.0: reg 0x18: [mem 0x387000000000-0x387000003fff 64bit pref]
[    0.213895] pci 0000:00:01.0: reg 0x20: [mem 0x8244f000-0x8244ffff]
[    0.217917] pci 0000:00:01.0: reg 0x30: [mem 0xffff0000-0xffffffff pref]
[    0.219019] pci 0000:00:01.0: BAR 0: assigned to efifb
[    0.219050] pci 0000:00:01.0: Video device with shadowed ROM at [mem 0x000c0000-0x000dffff]
[    0.219687] pci 0000:00:02.0: [1b36:000c] type 01 class 0x060400
[    0.221546] pci 0000:00:02.0: reg 0x10: [mem 0x8244e000-0x8244efff]
[    0.225290] pci 0000:00:02.1: [1b36:000c] type 01 class 0x060400
[    0.226874] pci 0000:00:02.1: reg 0x10: [mem 0x8244d000-0x8244dfff]
[    0.232189] pci 0000:00:02.2: [1b36:000c] type 01 class 0x060400
[    0.233873] pci 0000:00:02.2: reg 0x10: [mem 0x8244c000-0x8244cfff]
[    0.238424] pci 0000:00:02.3: [1b36:000c] type 01 class 0x060400
[    0.240571] pci 0000:00:02.3: reg 0x10: [mem 0x8244b000-0x8244bfff]
[    0.244203] pci 0000:00:02.4: [1b36:000c] type 01 class 0x060400
[    0.245874] pci 0000:00:02.4: reg 0x10: [mem 0x8244a000-0x8244afff]
[    0.250431] pci 0000:00:02.5: [1b36:000c] type 01 class 0x060400
[    0.251874] pci 0000:00:02.5: reg 0x10: [mem 0x82449000-0x82449fff]
[    0.255396] pci 0000:00:02.6: [1b36:000c] type 01 class 0x060400
[    0.257561] pci 0000:00:02.6: reg 0x10: [mem 0x82448000-0x82448fff]
[    0.261232] pci 0000:00:02.7: [1b36:000c] type 01 class 0x060400
[    0.262873] pci 0000:00:02.7: reg 0x10: [mem 0x82447000-0x82447fff]
[    0.268242] pci 0000:00:03.0: [1b36:000c] type 01 class 0x060400
[    0.269873] pci 0000:00:03.0: reg 0x10: [mem 0x82446000-0x82446fff]
[    0.273391] pci 0000:00:03.1: [1b36:000c] type 01 class 0x060400
[    0.275584] pci 0000:00:03.1: reg 0x10: [mem 0x82445000-0x82445fff]
[    0.279205] pci 0000:00:03.2: [1b36:000c] type 01 class 0x060400
[    0.280873] pci 0000:00:03.2: reg 0x10: [mem 0x82444000-0x82444fff]
[    0.285351] pci 0000:00:03.3: [1b36:000c] type 01 class 0x060400
[    0.286873] pci 0000:00:03.3: reg 0x10: [mem 0x82443000-0x82443fff]
[    0.290424] pci 0000:00:03.4: [1b36:000c] type 01 class 0x060400
[    0.291874] pci 0000:00:03.4: reg 0x10: [mem 0x82442000-0x82442fff]
[    0.296448] pci 0000:00:03.5: [1b36:000c] type 01 class 0x060400
[    0.297874] pci 0000:00:03.5: reg 0x10: [mem 0x82441000-0x82441fff]
[    0.302088] pci 0000:00:1f.0: [8086:2918] type 00 class 0x060100
[    0.302465] pci 0000:00:1f.0: quirk: [io  0x0600-0x067f] claimed by ICH6 ACPI/GPIO/TCO
[    0.302675] pci 0000:00:1f.2: [8086:2922] type 00 class 0x010601
[    0.307534] pci 0000:00:1f.2: reg 0x20: [io  0x6040-0x605f]
[    0.308559] pci 0000:00:1f.2: reg 0x24: [mem 0x82440000-0x82440fff]
[    0.310903] pci 0000:00:1f.3: [8086:2930] type 00 class 0x0c0500
[    0.311165] pci 0000:00:1f.3: reg 0x20: [io  0x6000-0x603f]
[    0.311994] acpiphp: Slot [0] registered
[    0.312130] pci 0000:01:00.0: [1af4:1041] type 00 class 0x020000
[    0.314537] pci 0000:01:00.0: reg 0x14: [mem 0x82200000-0x82200fff]
[    0.317548] pci 0000:01:00.0: reg 0x20: [mem 0x380000000000-0x380000003fff 64bit pref]
[    0.318563] pci 0000:01:00.0: reg 0x30: [mem 0xfffc0000-0xffffffff pref]
[    0.320274] pci 0000:00:02.0: PCI bridge to [bus 01]
[    0.320304] pci 0000:00:02.0:   bridge window [mem 0x82200000-0x823fffff]
[    0.320329] pci 0000:00:02.0:   bridge window [mem 0x380000000000-0x3807ffffffff 64bit pref]
[    0.321013] acpiphp: Slot [0-2] registered
[    0.321095] pci 0000:02:00.0: [1b36:000d] type 00 class 0x0c0330
[    0.321874] pci 0000:02:00.0: reg 0x10: [mem 0x82000000-0x82003fff 64bit]
[    0.325511] pci 0000:00:02.1: PCI bridge to [bus 02]
[    0.325538] pci 0000:00:02.1:   bridge window [mem 0x82000000-0x821fffff]
[    0.325563] pci 0000:00:02.1:   bridge window [mem 0x380800000000-0x380fffffffff 64bit pref]
[    0.326396] acpiphp: Slot [0-3] registered
[    0.326528] pci 0000:03:00.0: [1af4:1043] type 00 class 0x078000
[    0.329586] pci 0000:03:00.0: reg 0x14: [mem 0x81e00000-0x81e00fff]
[    0.332553] pci 0000:03:00.0: reg 0x20: [mem 0x381000000000-0x381000003fff 64bit pref]
[    0.334751] pci 0000:00:02.2: PCI bridge to [bus 03]
[    0.334798] pci 0000:00:02.2:   bridge window [mem 0x81e00000-0x81ffffff]
[    0.334825] pci 0000:00:02.2:   bridge window [mem 0x381000000000-0x3817ffffffff 64bit pref]
[    0.335403] acpiphp: Slot [0-4] registered
[    0.335541] pci 0000:04:00.0: [1af4:1042] type 00 class 0x010000
[    0.338610] pci 0000:04:00.0: reg 0x14: [mem 0x81c00000-0x81c00fff]
[    0.341544] pci 0000:04:00.0: reg 0x20: [mem 0x381800000000-0x381800003fff 64bit pref]
[    0.343807] pci 0000:00:02.3: PCI bridge to [bus 04]
[    0.343835] pci 0000:00:02.3:   bridge window [mem 0x81c00000-0x81dfffff]
[    0.343862] pci 0000:00:02.3:   bridge window [mem 0x381800000000-0x381fffffffff 64bit pref]
[    0.344416] acpiphp: Slot [0-5] registered
[    0.344549] pci 0000:05:00.0: [1af4:1045] type 00 class 0x00ff00
[    0.348559] pci 0000:05:00.0: reg 0x20: [mem 0x382000000000-0x382000003fff 64bit pref]
[    0.350356] pci 0000:00:02.4: PCI bridge to [bus 05]
[    0.350385] pci 0000:00:02.4:   bridge window [mem 0x81a00000-0x81bfffff]
[    0.350408] pci 0000:00:02.4:   bridge window [mem 0x382000000000-0x3827ffffffff 64bit pref]
[    0.351023] acpiphp: Slot [0-6] registered
[    0.351043] pci 0000:00:02.5: PCI bridge to [bus 06]
[    0.351067] pci 0000:00:02.5:   bridge window [mem 0x81800000-0x819fffff]
[    0.351092] pci 0000:00:02.5:   bridge window [mem 0x382800000000-0x382fffffffff 64bit pref]
[    0.351986] acpiphp: Slot [0-7] registered
[    0.352004] pci 0000:00:02.6: PCI bridge to [bus 07]
[    0.352027] pci 0000:00:02.6:   bridge window [mem 0x81600000-0x817fffff]
[    0.352053] pci 0000:00:02.6:   bridge window [mem 0x383000000000-0x3837ffffffff 64bit pref]
[    0.352944] acpiphp: Slot [0-8] registered
[    0.352961] pci 0000:00:02.7: PCI bridge to [bus 08]
[    0.352989] pci 0000:00:02.7:   bridge window [mem 0x81400000-0x815fffff]
[    0.353014] pci 0000:00:02.7:   bridge window [mem 0x383800000000-0x383fffffffff 64bit pref]
[    0.353912] acpiphp: Slot [0-9] registered
[    0.353930] pci 0000:00:03.0: PCI bridge to [bus 09]
[    0.353958] pci 0000:00:03.0:   bridge window [mem 0x81200000-0x813fffff]
[    0.353982] pci 0000:00:03.0:   bridge window [mem 0x384000000000-0x3847ffffffff 64bit pref]
[    0.354868] acpiphp: Slot [0-10] registered
[    0.354891] pci 0000:00:03.1: PCI bridge to [bus 0a]
[    0.354917] pci 0000:00:03.1:   bridge window [mem 0x81000000-0x811fffff]
[    0.354944] pci 0000:00:03.1:   bridge window [mem 0x384800000000-0x384fffffffff 64bit pref]
[    0.355829] acpiphp: Slot [0-11] registered
[    0.355846] pci 0000:00:03.2: PCI bridge to [bus 0b]
[    0.355873] pci 0000:00:03.2:   bridge window [mem 0x80e00000-0x80ffffff]
[    0.355900] pci 0000:00:03.2:   bridge window [mem 0x385000000000-0x3857ffffffff 64bit pref]
[    0.357020] acpiphp: Slot [0-12] registered
[    0.357037] pci 0000:00:03.3: PCI bridge to [bus 0c]
[    0.357065] pci 0000:00:03.3:   bridge window [mem 0x80c00000-0x80dfffff]
[    0.357090] pci 0000:00:03.3:   bridge window [mem 0x385800000000-0x385fffffffff 64bit pref]
[    0.358024] acpiphp: Slot [0-13] registered
[    0.358042] pci 0000:00:03.4: PCI bridge to [bus 0d]
[    0.358070] pci 0000:00:03.4:   bridge window [mem 0x80a00000-0x80bfffff]
[    0.358098] pci 0000:00:03.4:   bridge window [mem 0x386000000000-0x3867ffffffff 64bit pref]
[    0.358991] acpiphp: Slot [0-14] registered
[    0.359010] pci 0000:00:03.5: PCI bridge to [bus 0e]
[    0.359035] pci 0000:00:03.5:   bridge window [mem 0x80800000-0x809fffff]
[    0.359063] pci 0000:00:03.5:   bridge window [mem 0x386800000000-0x386fffffffff 64bit pref]
[    0.369528] ACPI: PCI: Interrupt link LNKA configured for IRQ 10
[    0.369596] ACPI: PCI: Interrupt link LNKB configured for IRQ 10
[    0.369656] ACPI: PCI: Interrupt link LNKC configured for IRQ 11
[    0.369725] ACPI: PCI: Interrupt link LNKD configured for IRQ 11
[    0.369785] ACPI: PCI: Interrupt link LNKE configured for IRQ 10
[    0.369843] ACPI: PCI: Interrupt link LNKF configured for IRQ 10
[    0.369899] ACPI: PCI: Interrupt link LNKG configured for IRQ 11
[    0.369965] ACPI: PCI: Interrupt link LNKH configured for IRQ 11
[    0.369991] ACPI: PCI: Interrupt link GSIA configured for IRQ 16
[    0.369999] ACPI: PCI: Interrupt link GSIB configured for IRQ 17
[    0.370006] ACPI: PCI: Interrupt link GSIC configured for IRQ 18
[    0.370013] ACPI: PCI: Interrupt link GSID configured for IRQ 19
[    0.370020] ACPI: PCI: Interrupt link GSIE configured for IRQ 20
[    0.370027] ACPI: PCI: Interrupt link GSIF configured for IRQ 21
[    0.370034] ACPI: PCI: Interrupt link GSIG configured for IRQ 22
[    0.370042] ACPI: PCI: Interrupt link GSIH configured for IRQ 23
[    0.371074] iommu: Default domain type: Translated 
[    0.371074] iommu: DMA domain TLB invalidation policy: lazy mode 
[    0.371074] SCSI subsystem initialized
[    0.371089] ACPI: bus type USB registered
[    0.371111] usbcore: registered new interface driver usbfs
[    0.371123] usbcore: registered new interface driver hub
[    0.371134] usbcore: registered new device driver usb
[    0.371162] pps_core: LinuxPPS API ver. 1 registered
[    0.371164] pps_core: Software ver. 5.3.6 - Copyright 2005-2007 Rodolfo Giometti <giometti@linux.it>
[    0.371168] PTP clock support registered
[    0.371216] EDAC MC: Ver: 3.0.0
[    0.371927] Registered efivars operations
[    0.372201] NetLabel: Initializing
[    0.372203] NetLabel:  domain hash size = 128
[    0.372204] NetLabel:  protocols = UNLABELED CIPSOv4 CALIPSO
[    0.372229] NetLabel:  unlabeled traffic allowed by default
[    0.372233] PCI: Using ACPI for IRQ routing
[    0.418657] PCI: pci_cache_line_size set to 64 bytes
[    0.418988] e820: reserve RAM buffer [mem 0x0009f000-0x0009ffff]
[    0.418993] e820: reserve RAM buffer [mem 0x7cea3018-0x7fffffff]
[    0.418994] e820: reserve RAM buffer [mem 0x7ced9018-0x7fffffff]
[    0.418995] e820: reserve RAM buffer [mem 0x7cf41000-0x7fffffff]
[    0.418996] e820: reserve RAM buffer [mem 0x7e8ed000-0x7fffffff]
[    0.418997] e820: reserve RAM buffer [mem 0x7f000000-0x7fffffff]
[    0.419031] pci 0000:00:01.0: vgaarb: setting as boot VGA device
[    0.419031] pci 0000:00:01.0: vgaarb: bridge control possible
[    0.419031] pci 0000:00:01.0: vgaarb: VGA device added: decodes=io+mem,owns=io+mem,locks=none
[    0.419031] vgaarb: loaded
[    0.423278] clocksource: Switched to clocksource kvm-clock
[    0.431642] VFS: Disk quotas dquot_6.6.0
[    0.431663] VFS: Dquot-cache hash table entries: 512 (order 0, 4096 bytes)
[    0.431742] pnp: PnP ACPI init
[    0.431929] system 00:04: [mem 0xe0000000-0xefffffff window] has been reserved
[    0.432074] pnp: PnP ACPI: found 5 devices
[    0.438042] clocksource: acpi_pm: mask: 0xffffff max_cycles: 0xffffff, max_idle_ns: 2085701024 ns
[    0.438124] NET: Registered PF_INET protocol family
[    0.438502] IP idents hash table entries: 262144 (order: 9, 2097152 bytes, linear)
[    0.440121] tcp_listen_portaddr_hash hash table entries: 32768 (order: 7, 524288 bytes, linear)
[    0.440183] Table-perturb hash table entries: 65536 (order: 6, 262144 bytes, linear)
[    0.440206] TCP established hash table entries: 524288 (order: 10, 4194304 bytes, linear)
[    0.440627] TCP bind hash table entries: 65536 (order: 8, 1048576 bytes, linear)
[    0.440737] TCP: Hash tables configured (established 524288 bind 65536)
[    0.441197] MPTCP token hash table entries: 65536 (order: 8, 1572864 bytes, linear)
[    0.441343] UDP hash table entries: 32768 (order: 8, 1048576 bytes, linear)
[    0.441465] UDP-Lite hash table entries: 32768 (order: 8, 1048576 bytes, linear)
[    0.441649] NET: Registered PF_UNIX/PF_LOCAL protocol family
[    0.441661] NET: Registered PF_XDP protocol family
[    0.441670] pci 0000:01:00.0: can't claim BAR 6 [mem 0xfffc0000-0xffffffff pref]: no compatible bridge window
[    0.441680] pci 0000:00:02.0: bridge window [io  0x1000-0x0fff] to [bus 01] add_size 1000
[    0.441684] pci 0000:00:02.1: bridge window [io  0x1000-0x0fff] to [bus 02] add_size 1000
[    0.441687] pci 0000:00:02.2: bridge window [io  0x1000-0x0fff] to [bus 03] add_size 1000
[    0.441690] pci 0000:00:02.3: bridge window [io  0x1000-0x0fff] to [bus 04] add_size 1000
[    0.441693] pci 0000:00:02.4: bridge window [io  0x1000-0x0fff] to [bus 05] add_size 1000
[    0.441695] pci 0000:00:02.5: bridge window [io  0x1000-0x0fff] to [bus 06] add_size 1000
[    0.441698] pci 0000:00:02.6: bridge window [io  0x1000-0x0fff] to [bus 07] add_size 1000
[    0.441701] pci 0000:00:02.7: bridge window [io  0x1000-0x0fff] to [bus 08] add_size 1000
[    0.441703] pci 0000:00:03.0: bridge window [io  0x1000-0x0fff] to [bus 09] add_size 1000
[    0.441706] pci 0000:00:03.1: bridge window [io  0x1000-0x0fff] to [bus 0a] add_size 1000
[    0.441708] pci 0000:00:03.2: bridge window [io  0x1000-0x0fff] to [bus 0b] add_size 1000
[    0.441711] pci 0000:00:03.3: bridge window [io  0x1000-0x0fff] to [bus 0c] add_size 1000
[    0.441713] pci 0000:00:03.4: bridge window [io  0x1000-0x0fff] to [bus 0d] add_size 1000
[    0.441716] pci 0000:00:03.5: bridge window [io  0x1000-0x0fff] to [bus 0e] add_size 1000
[    0.441727] pci 0000:00:02.0: BAR 13: assigned [io  0x1000-0x1fff]
[    0.441730] pci 0000:00:02.1: BAR 13: assigned [io  0x2000-0x2fff]
[    0.441732] pci 0000:00:02.2: BAR 13: assigned [io  0x3000-0x3fff]
[    0.441734] pci 0000:00:02.3: BAR 13: assigned [io  0x4000-0x4fff]
[    0.441736] pci 0000:00:02.4: BAR 13: assigned [io  0x5000-0x5fff]
[    0.441738] pci 0000:00:02.5: BAR 13: assigned [io  0x7000-0x7fff]
[    0.441740] pci 0000:00:02.6: BAR 13: assigned [io  0x8000-0x8fff]
[    0.441742] pci 0000:00:02.7: BAR 13: assigned [io  0x9000-0x9fff]
[    0.441744] pci 0000:00:03.0: BAR 13: assigned [io  0xa000-0xafff]
[    0.441746] pci 0000:00:03.1: BAR 13: assigned [io  0xb000-0xbfff]
[    0.441749] pci 0000:00:03.2: BAR 13: assigned [io  0xc000-0xcfff]
[    0.441751] pci 0000:00:03.3: BAR 13: assigned [io  0xd000-0xdfff]
[    0.441753] pci 0000:00:03.4: BAR 13: assigned [io  0xe000-0xefff]
[    0.441755] pci 0000:00:03.5: BAR 13: assigned [io  0xf000-0xffff]
[    0.441759] pci 0000:01:00.0: BAR 6: assigned [mem 0x82240000-0x8227ffff pref]
[    0.441762] pci 0000:00:02.0: PCI bridge to [bus 01]
[    0.441780] pci 0000:00:02.0:   bridge window [io  0x1000-0x1fff]
[    0.443587] pci 0000:00:02.0:   bridge window [mem 0x82200000-0x823fffff]
[    0.444661] pci 0000:00:02.0:   bridge window [mem 0x380000000000-0x3807ffffffff 64bit pref]
[    0.446760] pci 0000:00:02.1: PCI bridge to [bus 02]
[    0.446772] pci 0000:00:02.1:   bridge window [io  0x2000-0x2fff]
[    0.448393] pci 0000:00:02.1:   bridge window [mem 0x82000000-0x821fffff]
[    0.449517] pci 0000:00:02.1:   bridge window [mem 0x380800000000-0x380fffffffff 64bit pref]
[    0.451579] pci 0000:00:02.2: PCI bridge to [bus 03]
[    0.451590] pci 0000:00:02.2:   bridge window [io  0x3000-0x3fff]
[    0.455051] pci 0000:00:02.2:   bridge window [mem 0x81e00000-0x81ffffff]
[    0.455733] pci 0000:00:02.2:   bridge window [mem 0x381000000000-0x3817ffffffff 64bit pref]
[    0.457045] pci 0000:00:02.3: PCI bridge to [bus 04]
[    0.457055] pci 0000:00:02.3:   bridge window [io  0x4000-0x4fff]
[    0.458049] pci 0000:00:02.3:   bridge window [mem 0x81c00000-0x81dfffff]
[    0.458714] pci 0000:00:02.3:   bridge window [mem 0x381800000000-0x381fffffffff 64bit pref]
[    0.460038] pci 0000:00:02.4: PCI bridge to [bus 05]
[    0.460049] pci 0000:00:02.4:   bridge window [io  0x5000-0x5fff]
[    0.461073] pci 0000:00:02.4:   bridge window [mem 0x81a00000-0x81bfffff]
[    0.462070] pci 0000:00:02.4:   bridge window [mem 0x382000000000-0x3827ffffffff 64bit pref]
[    0.464108] pci 0000:00:02.5: PCI bridge to [bus 06]
[    0.464120] pci 0000:00:02.5:   bridge window [io  0x7000-0x7fff]
[    0.467287] pci 0000:00:02.5:   bridge window [mem 0x81800000-0x819fffff]
[    0.467944] pci 0000:00:02.5:   bridge window [mem 0x382800000000-0x382fffffffff 64bit pref]
[    0.469171] pci 0000:00:02.6: PCI bridge to [bus 07]
[    0.469182] pci 0000:00:02.6:   bridge window [io  0x8000-0x8fff]
[    0.470146] pci 0000:00:02.6:   bridge window [mem 0x81600000-0x817fffff]
[    0.470747] pci 0000:00:02.6:   bridge window [mem 0x383000000000-0x3837ffffffff 64bit pref]
[    0.471955] pci 0000:00:02.7: PCI bridge to [bus 08]
[    0.471965] pci 0000:00:02.7:   bridge window [io  0x9000-0x9fff]
[    0.472882] pci 0000:00:02.7:   bridge window [mem 0x81400000-0x815fffff]
[    0.473580] pci 0000:00:02.7:   bridge window [mem 0x383800000000-0x383fffffffff 64bit pref]
[    0.474975] pci 0000:00:03.0: PCI bridge to [bus 09]
[    0.474988] pci 0000:00:03.0:   bridge window [io  0xa000-0xafff]
[    0.476561] pci 0000:00:03.0:   bridge window [mem 0x81200000-0x813fffff]
[    0.479589] pci 0000:00:03.0:   bridge window [mem 0x384000000000-0x3847ffffffff 64bit pref]
[    0.480831] pci 0000:00:03.1: PCI bridge to [bus 0a]
[    0.480841] pci 0000:00:03.1:   bridge window [io  0xb000-0xbfff]
[    0.481785] pci 0000:00:03.1:   bridge window [mem 0x81000000-0x811fffff]
[    0.482406] pci 0000:00:03.1:   bridge window [mem 0x384800000000-0x384fffffffff 64bit pref]
[    0.483623] pci 0000:00:03.2: PCI bridge to [bus 0b]
[    0.483633] pci 0000:00:03.2:   bridge window [io  0xc000-0xcfff]
[    0.484547] pci 0000:00:03.2:   bridge window [mem 0x80e00000-0x80ffffff]
[    0.485122] pci 0000:00:03.2:   bridge window [mem 0x385000000000-0x3857ffffffff 64bit pref]
[    0.486358] pci 0000:00:03.3: PCI bridge to [bus 0c]
[    0.486369] pci 0000:00:03.3:   bridge window [io  0xd000-0xdfff]
[    0.487307] pci 0000:00:03.3:   bridge window [mem 0x80c00000-0x80dfffff]
[    0.488012] pci 0000:00:03.3:   bridge window [mem 0x385800000000-0x385fffffffff 64bit pref]
[    0.491908] pci 0000:00:03.4: PCI bridge to [bus 0d]
[    0.491923] pci 0000:00:03.4:   bridge window [io  0xe000-0xefff]
[    0.492987] pci 0000:00:03.4:   bridge window [mem 0x80a00000-0x80bfffff]
[    0.493607] pci 0000:00:03.4:   bridge window [mem 0x386000000000-0x3867ffffffff 64bit pref]
[    0.494818] pci 0000:00:03.5: PCI bridge to [bus 0e]
[    0.494828] pci 0000:00:03.5:   bridge window [io  0xf000-0xffff]
[    0.495788] pci 0000:00:03.5:   bridge window [mem 0x80800000-0x809fffff]
[    0.496404] pci 0000:00:03.5:   bridge window [mem 0x386800000000-0x386fffffffff 64bit pref]
[    0.497626] pci_bus 0000:00: resource 4 [io  0x0000-0x0cf7 window]
[    0.497630] pci_bus 0000:00: resource 5 [io  0x0d00-0xffff window]
[    0.497632] pci_bus 0000:00: resource 6 [mem 0x000a0000-0x000bffff window]
[    0.497634] pci_bus 0000:00: resource 7 [mem 0x80000000-0xdfffffff window]
[    0.497636] pci_bus 0000:00: resource 8 [mem 0xf0000000-0xfebfffff window]
[    0.497638] pci_bus 0000:00: resource 9 [mem 0x380000000000-0x387000003fff window]
[    0.497641] pci_bus 0000:01: resource 0 [io  0x1000-0x1fff]
[    0.497643] pci_bus 0000:01: resource 1 [mem 0x82200000-0x823fffff]
[    0.497645] pci_bus 0000:01: resource 2 [mem 0x380000000000-0x3807ffffffff 64bit pref]
[    0.497648] pci_bus 0000:02: resource 0 [io  0x2000-0x2fff]
[    0.497650] pci_bus 0000:02: resource 1 [mem 0x82000000-0x821fffff]
[    0.497651] pci_bus 0000:02: resource 2 [mem 0x380800000000-0x380fffffffff 64bit pref]
[    0.497654] pci_bus 0000:03: resource 0 [io  0x3000-0x3fff]
[    0.497656] pci_bus 0000:03: resource 1 [mem 0x81e00000-0x81ffffff]
[    0.497657] pci_bus 0000:03: resource 2 [mem 0x381000000000-0x3817ffffffff 64bit pref]
[    0.497660] pci_bus 0000:04: resource 0 [io  0x4000-0x4fff]
[    0.497662] pci_bus 0000:04: resource 1 [mem 0x81c00000-0x81dfffff]
[    0.497663] pci_bus 0000:04: resource 2 [mem 0x381800000000-0x381fffffffff 64bit pref]
[    0.497666] pci_bus 0000:05: resource 0 [io  0x5000-0x5fff]
[    0.497668] pci_bus 0000:05: resource 1 [mem 0x81a00000-0x81bfffff]
[    0.497670] pci_bus 0000:05: resource 2 [mem 0x382000000000-0x3827ffffffff 64bit pref]
[    0.497672] pci_bus 0000:06: resource 0 [io  0x7000-0x7fff]
[    0.497674] pci_bus 0000:06: resource 1 [mem 0x81800000-0x819fffff]
[    0.497676] pci_bus 0000:06: resource 2 [mem 0x382800000000-0x382fffffffff 64bit pref]
[    0.497678] pci_bus 0000:07: resource 0 [io  0x8000-0x8fff]
[    0.497680] pci_bus 0000:07: resource 1 [mem 0x81600000-0x817fffff]
[    0.497682] pci_bus 0000:07: resource 2 [mem 0x383000000000-0x3837ffffffff 64bit pref]
[    0.497684] pci_bus 0000:08: resource 0 [io  0x9000-0x9fff]
[    0.497686] pci_bus 0000:08: resource 1 [mem 0x81400000-0x815fffff]
[    0.497687] pci_bus 0000:08: resource 2 [mem 0x383800000000-0x383fffffffff 64bit pref]
[    0.497690] pci_bus 0000:09: resource 0 [io  0xa000-0xafff]
[    0.497692] pci_bus 0000:09: resource 1 [mem 0x81200000-0x813fffff]
[    0.497693] pci_bus 0000:09: resource 2 [mem 0x384000000000-0x3847ffffffff 64bit pref]
[    0.497696] pci_bus 0000:0a: resource 0 [io  0xb000-0xbfff]
[    0.497697] pci_bus 0000:0a: resource 1 [mem 0x81000000-0x811fffff]
[    0.497699] pci_bus 0000:0a: resource 2 [mem 0x384800000000-0x384fffffffff 64bit pref]
[    0.497702] pci_bus 0000:0b: resource 0 [io  0xc000-0xcfff]
[    0.497703] pci_bus 0000:0b: resource 1 [mem 0x80e00000-0x80ffffff]
[    0.497705] pci_bus 0000:0b: resource 2 [mem 0x385000000000-0x3857ffffffff 64bit pref]
[    0.497707] pci_bus 0000:0c: resource 0 [io  0xd000-0xdfff]
[    0.497709] pci_bus 0000:0c: resource 1 [mem 0x80c00000-0x80dfffff]
[    0.497711] pci_bus 0000:0c: resource 2 [mem 0x385800000000-0x385fffffffff 64bit pref]
[    0.497714] pci_bus 0000:0d: resource 0 [io  0xe000-0xefff]
[    0.497715] pci_bus 0000:0d: resource 1 [mem 0x80a00000-0x80bfffff]
[    0.497717] pci_bus 0000:0d: resource 2 [mem 0x386000000000-0x3867ffffffff 64bit pref]
[    0.497719] pci_bus 0000:0e: resource 0 [io  0xf000-0xffff]
[    0.497720] pci_bus 0000:0e: resource 1 [mem 0x80800000-0x809fffff]
[    0.497722] pci_bus 0000:0e: resource 2 [mem 0x386800000000-0x386fffffffff 64bit pref]
[    0.498125] ACPI: \_SB_.GSIG: Enabled at IRQ 22
[    0.498881] PCI: CLS 0 bytes, default 64
[    0.498902] PCI-DMA: Using software bounce buffering for IO (SWIOTLB)
[    0.498904] software IO TLB: mapped [mem 0x0000000076f7f000-0x000000007af7f000] (64MB)
[    0.498923] ACPI: bus type thunderbolt registered
[    0.498995] Trying to unpack rootfs image as initramfs...
[    0.499031] clocksource: tsc: mask: 0xffffffffffffffff max_cycles: 0x1e330161aef, max_idle_ns: 440795271217 ns
[    0.505237] Initialise system trusted keyrings
[    0.505254] Key type blacklist registered
[    0.505322] workingset: timestamp_bits=36 max_order=24 bucket_order=0
[    0.506938] zbud: loaded
[    0.507837] integrity: Platform Keyring initialized
[    0.514901] NET: Registered PF_ALG protocol family
[    0.514910] xor: automatically using best checksumming function   avx       
[    0.514914] Key type asymmetric registered
[    0.514922] Asymmetric key parser 'x509' registered
[    0.514925] Running certificate verification selftests
[    0.517021] Loaded X.509 cert 'Certificate verification self-testing key: f58703bb33ce1b73ee02eccdee5b8817518fe3db'
[    0.517646] Block layer SCSI generic (bsg) driver version 0.4 loaded (major 246)
[    0.517705] io scheduler mq-deadline registered
[    0.517707] io scheduler kyber registered
[    0.517748] io scheduler bfq registered
[    0.519623] atomic64_test: passed for x86-64 platform with CX8 and with SSE
[    0.521272] pcieport 0000:00:02.0: PME: Signaling with IRQ 24
[    0.521448] pcieport 0000:00:02.0: AER: enabled with IRQ 24
[    0.522563] pcieport 0000:00:02.1: PME: Signaling with IRQ 25
[    0.522720] pcieport 0000:00:02.1: AER: enabled with IRQ 25
[    0.524034] pcieport 0000:00:02.2: PME: Signaling with IRQ 26
[    0.524192] pcieport 0000:00:02.2: AER: enabled with IRQ 26
[    0.525475] pcieport 0000:00:02.3: PME: Signaling with IRQ 27
[    0.525705] pcieport 0000:00:02.3: AER: enabled with IRQ 27
[    0.526989] pcieport 0000:00:02.4: PME: Signaling with IRQ 28
[    0.527215] pcieport 0000:00:02.4: AER: enabled with IRQ 28
[    0.528482] pcieport 0000:00:02.5: PME: Signaling with IRQ 29
[    0.528704] pcieport 0000:00:02.5: AER: enabled with IRQ 29
[    0.529988] pcieport 0000:00:02.6: PME: Signaling with IRQ 30
[    0.530207] pcieport 0000:00:02.6: AER: enabled with IRQ 30
[    0.531467] pcieport 0000:00:02.7: PME: Signaling with IRQ 31
[    0.531704] pcieport 0000:00:02.7: AER: enabled with IRQ 31
[    0.532161] ACPI: \_SB_.GSIH: Enabled at IRQ 23
[    0.533034] pcieport 0000:00:03.0: PME: Signaling with IRQ 32
[    0.533263] pcieport 0000:00:03.0: AER: enabled with IRQ 32
[    0.534553] pcieport 0000:00:03.1: PME: Signaling with IRQ 33
[    0.534773] pcieport 0000:00:03.1: AER: enabled with IRQ 33
[    0.536051] pcieport 0000:00:03.2: PME: Signaling with IRQ 34
[    0.536273] pcieport 0000:00:03.2: AER: enabled with IRQ 34
[    0.537499] pcieport 0000:00:03.3: PME: Signaling with IRQ 35
[    0.537705] pcieport 0000:00:03.3: AER: enabled with IRQ 35
[    0.538971] pcieport 0000:00:03.4: PME: Signaling with IRQ 36
[    0.539190] pcieport 0000:00:03.4: AER: enabled with IRQ 36
[    0.540402] pcieport 0000:00:03.5: PME: Signaling with IRQ 37
[    0.540553] pcieport 0000:00:03.5: AER: enabled with IRQ 37
[    0.540788] shpchp: Standard Hot Plug PCI Controller Driver version: 0.4
[    0.540897] input: Power Button as /devices/LNXSYSTM:00/LNXPWRBN:00/input/input0
[    0.540936] ACPI: button: Power Button [PWRF]
[    0.542850] ACPI: \_SB_.GSIF: Enabled at IRQ 21
[    0.547567] Serial: 8250/16550 driver, 4 ports, IRQ sharing enabled
[    0.547684] 00:00: ttyS0 at I/O 0x3f8 (irq = 4, base_baud = 115200) is a 16550A
[    0.548011] Non-volatile memory driver v1.3
[    0.550766] rdac: device handler registered
[    0.550822] hp_sw: device handler registered
[    0.550824] emc: device handler registered
[    0.550881] alua: device handler registered
[    0.550977] libphy: Fixed MDIO Bus: probed
[    0.551018] ehci_hcd: USB 2.0 'Enhanced' Host Controller (EHCI) Driver
[    0.551024] ehci-pci: EHCI PCI platform driver
[    0.551034] ohci_hcd: USB 1.1 'Open' Host Controller (OHCI) Driver
[    0.551037] ohci-pci: OHCI PCI platform driver
[    0.551046] uhci_hcd: USB Universal Host Controller Interface driver
[    0.551777] xhci_hcd 0000:02:00.0: xHCI Host Controller
[    0.551828] xhci_hcd 0000:02:00.0: new USB bus registered, assigned bus number 1
[    0.552072] xhci_hcd 0000:02:00.0: hcc params 0x00087001 hci version 0x100 quirks 0x0000000000000010
[    0.553299] xhci_hcd 0000:02:00.0: xHCI Host Controller
[    0.553333] xhci_hcd 0000:02:00.0: new USB bus registered, assigned bus number 2
[    0.553339] xhci_hcd 0000:02:00.0: Host supports USB 3.0 SuperSpeed
[    0.553406] usb usb1: New USB device found, idVendor=1d6b, idProduct=0002, bcdDevice= 5.14
[    0.553410] usb usb1: New USB device strings: Mfr=3, Product=2, SerialNumber=1
[    0.553413] usb usb1: Product: xHCI Host Controller
[    0.553415] usb usb1: Manufacturer: Linux 5.14.0-284.147.1.el9_2.x86_64 xhci-hcd
[    0.553418] usb usb1: SerialNumber: 0000:02:00.0
[    0.553525] hub 1-0:1.0: USB hub found
[    0.553582] hub 1-0:1.0: 15 ports detected
[    0.553987] usb usb2: We don't know the algorithms for LPM for this host, disabling LPM.
[    0.554001] usb usb2: New USB device found, idVendor=1d6b, idProduct=0003, bcdDevice= 5.14
[    0.554004] usb usb2: New USB device strings: Mfr=3, Product=2, SerialNumber=1
[    0.554006] usb usb2: Product: xHCI Host Controller
[    0.554008] usb usb2: Manufacturer: Linux 5.14.0-284.147.1.el9_2.x86_64 xhci-hcd
[    0.554010] usb usb2: SerialNumber: 0000:02:00.0
[    0.554069] hub 2-0:1.0: USB hub found
[    0.554120] hub 2-0:1.0: 15 ports detected
[    0.554563] usbcore: registered new interface driver usbserial_generic
[    0.554569] usbserial: USB Serial support registered for generic
[    0.554602] i8042: PNP: PS/2 Controller [PNP0303:KBD,PNP0f13:MOU] at 0x60,0x64 irq 1,12
[    0.555196] serio: i8042 KBD port at 0x60,0x64 irq 1
[    0.555204] serio: i8042 AUX port at 0x60,0x64 irq 12
[    0.555286] mousedev: PS/2 mouse device common for all mice
[    0.555365] rtc_cmos 00:03: RTC can wake from S4
[    0.555818] input: AT Translated Set 2 keyboard as /devices/platform/i8042/serio0/input/input1
[    0.555933] rtc_cmos 00:03: registered as rtc0
[    0.556113] rtc_cmos 00:03: setting system clock to 2025-11-17T09:31:58 UTC (1763371918)
[    0.556155] rtc_cmos 00:03: alarms up to one day, y3k, 242 bytes nvram
[    0.556276] intel_pstate: CPU model not supported
[    0.556456] input: VirtualPS/2 VMware VMMouse as /devices/platform/i8042/serio1/input/input4
[    0.556663] input: VirtualPS/2 VMware VMMouse as /devices/platform/i8042/serio1/input/input3
[    0.556981] efifb: probing for efifb
[    0.556992] efifb: framebuffer at 0x80000000, using 4000k, total 4000k
[    0.556995] efifb: mode is 1280x800x32, linelength=5120, pages=1
[    0.556997] efifb: scrolling: redraw
[    0.556998] efifb: Truecolor: size=8:8:8:8, shift=24:16:8:0
[    0.559766] Console: switching to colour frame buffer device 160x50
[    0.561132] fb0: EFI VGA frame buffer device
[    0.561153] EFI Variables Facility v0.08 2004-May-17
[    0.572385] hid: raw HID events driver (C) Jiri Kosina
[    0.572475] usbcore: registered new interface driver usbhid
[    0.572504] usbhid: USB HID core driver
[    0.572547] drop_monitor: Initializing network drop monitor service
[    0.583271] Initializing XFRM netlink socket
[    0.583413] NET: Registered PF_INET6 protocol family
[    0.583945] Segment Routing with IPv6
[    0.583976] NET: Registered PF_PACKET protocol family
[    0.584119] mpls_gso: MPLS GSO support
[    0.586941] No MBM correction factor available
[    0.586964] IPI shorthand broadcast: enabled
[    0.586985] AVX2 version of gcm_enc/dec engaged.
[    0.587310] AES CTR mode by8 optimization enabled
[    0.587842] sched_clock: Marking stable (586177655, 1643124)->(1117693860, -529873081)
[    0.588305] registered taskstats version 1
[    0.589353] Loading compiled-in X.509 certificates
[    0.590053] Loaded X.509 cert 'Red Hat Enterprise Linux kernel signing key: a1fabb6e7f882712f49329f24c9864770ffd6ca0'
[    0.590424] Loaded X.509 cert 'Red Hat Enterprise Linux Driver Update Program (key 3): bf57f3e87362bc7229d9f465321773dfd1f77a80'
[    0.591296] Loaded X.509 cert 'Red Hat Enterprise Linux kpatch signing key: 4d38fd864ebe18c5f0b72e3852e2014c3a676fc8'
[    0.592313] zswap: loaded using pool lzo/zbud
[    0.593167] page_owner is disabled
[    0.593726] Key type big_key registered
[    0.794978] usb 1-1: new high-speed USB device number 2 using xhci_hcd
[    0.892485] Freeing initrd memory: 98180K
[    0.897302] Key type encrypted registered
[    0.899521] integrity: Loading X.509 certificate: UEFI:MokListRT (MOKvar table)
[    0.900379] integrity: Loaded X.509 cert 'Red Hat Secure Boot CA 5: cc6fa5e72868ba494e939bbd680b9144769a9f8f'
[    0.900955] integrity: Loading X.509 certificate: UEFI:MokListRT (MOKvar table)
[    0.902063] integrity: Loaded X.509 cert 'Red Hat Secure Boot CA 8: e1c6c580aa1e21d585aad9bf20f3929e5ec1f08b'
[    0.902642] ima: No TPM chip found, activating TPM-bypass!
[    0.903245] Loading compiled-in module X.509 certificates
[    0.904157] Loaded X.509 cert 'Red Hat Enterprise Linux kernel signing key: a1fabb6e7f882712f49329f24c9864770ffd6ca0'
[    0.904735] ima: Allocated hash algorithm: sha256
[    0.905305] ima: No architecture policies found
[    0.905848] evm: Initialising EVM extended attributes:
[    0.906388] evm: security.selinux
[    0.906904] evm: security.SMACK64 (disabled)
[    0.907418] evm: security.SMACK64EXEC (disabled)
[    0.907929] evm: security.SMACK64TRANSMUTE (disabled)
[    0.908434] evm: security.SMACK64MMAP (disabled)
[    0.908936] evm: security.apparmor (disabled)
[    0.909432] evm: security.ima
[    0.909951] evm: security.capability
[    0.910461] evm: HMAC attrs: 0x1
[    0.921451] usb 1-1: New USB device found, idVendor=0627, idProduct=0001, bcdDevice= 0.00
[    0.922423] usb 1-1: New USB device strings: Mfr=1, Product=3, SerialNumber=10
[    0.923163] usb 1-1: Product: QEMU USB Tablet
[    0.923688] usb 1-1: Manufacturer: QEMU
[    0.924218] usb 1-1: SerialNumber: 28754-0000:00:02.1:00.0-1
[    0.925536] input: QEMU QEMU USB Tablet as /devices/pci0000:00/0000:00:02.1/0000:02:00.0/usb1/1-1/1-1:1.0/0003:0627:0001.0001/input/input5
[    0.926209] hid-generic 0003:0627:0001.0001: input,hidraw0: USB HID v0.01 Mouse [QEMU QEMU USB Tablet] on usb-0000:02:00.0-1/input0
[    1.063833] Freeing unused decrypted memory: 2036K
[    1.065663] Freeing unused kernel image (initmem) memory: 2796K
[    1.066892] Write protecting the kernel read-only data: 24576k
[    1.067778] Freeing unused kernel image (rodata/data gap) memory: 20K
[    1.079438] x86/mm: Checked W+X mappings: passed, no W+X pages found.
[    1.080032] Run /init as init process
[    1.080607]   with arguments:
[    1.080609]     /init
[    1.080610]   with environment:
[    1.080610]     HOME=/
[    1.080611]     TERM=linux
[    1.080612]     BOOT_IMAGE=(hd0,gpt3)/ostree/rhcos-b4e01e668cc6c3f84feac0da240de838665a5d4f22652595b0ad6c01a6105c51/vmlinuz-5.14.0-284.147.1.el9_2.x86_64
[    1.080613]     ostree=/ostree/boot.0/rhcos/b4e01e668cc6c3f84feac0da240de838665a5d4f22652595b0ad6c01a6105c51/0
[    1.080614]     boot=UUID=204943f6-ba1b-49f4-93e0-821a65e78b58
[    1.110136] systemd[1]: systemd 252-14.el9_2.10 running in system mode (+PAM +AUDIT +SELINUX -APPARMOR +IMA +SMACK +SECCOMP +GCRYPT +GNUTLS +OPENSSL +ACL +BLKID +CURL +ELFUTILS -FIDO2 +IDN2 -IDN -IPTC +KMOD +LIBCRYPTSETUP +LIBFDISK +PCRE2 -PWQUALITY +P11KIT -QRENCODE +TPM2 +BZIP2 +LZ4 +XZ +ZLIB +ZSTD -BPF_FRAMEWORK +XKBCOMMON +UTMP +SYSVINIT default-hierarchy=unified)
[    1.112126] systemd[1]: Detected virtualization kvm.
[    1.112757] systemd[1]: Detected architecture x86-64.
[    1.113329] systemd[1]: Running in initrd.
[    1.115815] systemd[1]: No hostname configured, using default hostname.
[    1.116477] systemd[1]: Hostname set to <localhost>.
[    1.117075] systemd[1]: Initializing machine ID from VM UUID.
[    1.140707] /usr/lib/systemd/system-generators/coreos-diskful-generator: line 36: value: unbound variable
[    1.197555] systemd[1]: Queued start job for default target Initrd Default Target.
[    1.198344] systemd[1]: Started Forward Password Requests to Clevis Directory Watch.
[    1.199555] systemd[1]: Started Dispatch Password Requests to Console Directory Watch.
[    1.200633] systemd[1]: Reached target Local Encrypted Volumes (Pre).
[    1.201743] systemd[1]: Reached target Local Encrypted Volumes.
[    1.202901] systemd[1]: Reached target Ignition Subsequent Boot Disk Setup.
[    1.204052] systemd[1]: Reached target Subsequent (Not Ignition) boot complete.
[    1.205198] systemd[1]: Reached target Initrd /usr File System.
[    1.206342] systemd[1]: Reached target Path Units.
[    1.207529] systemd[1]: Reached target Slice Units.
[    1.208740] systemd[1]: Reached target Swaps.
[    1.209903] systemd[1]: Reached target Timer Units.
[    1.211176] systemd[1]: Listening on D-Bus System Message Bus Socket.
[    1.212403] systemd[1]: Listening on Journal Socket (/dev/log).
[    1.213593] systemd[1]: Listening on Journal Socket.
[    1.214800] systemd[1]: Listening on udev Control Socket.
[    1.216057] systemd[1]: Listening on udev Kernel Socket.
[    1.217199] systemd[1]: Reached target Socket Units.
[    1.218274] systemd[1]: Check That Initrd Matches Kernel was skipped because of an unmet condition check (ConditionPathIsDirectory=!/usr/lib/modules/5.14.0-284.147.1.el9_2.x86_64).
[    1.220898] systemd[1]: Starting CoreOS: Touch /run/agetty.reload...
[    1.222769] systemd[1]: Starting Create List of Static Device Nodes...
[    1.224019] systemd[1]: Finish FIPS mode setup was skipped because of an unmet condition check (ConditionKernelCommandLine=fips).
[    1.225939] systemd[1]: Starting Journal Service...
[    1.228119] systemd[1]: Starting Load Kernel Modules...
[    1.229958] systemd[1]: Starting Create System Users...
[    1.231828] systemd[1]: Starting Setup Virtual Console...
[    1.234034] systemd[1]: Finished CoreOS: Touch /run/agetty.reload.
[    1.235557] systemd[1]: Finished Create List of Static Device Nodes.
[    1.237467] systemd[1]: Finished Setup Virtual Console.
[    1.238923] systemd[1]: dracut ask for additional cmdline parameters was skipped because no trigger condition checks were met.
[    1.240341] systemd[1]: Starting dracut cmdline hook...
[    1.244762] systemd[1]: Finished Create System Users.
[    1.246723] fuse: init (API version 7.36)
[    1.247440] systemd[1]: Starting Create Static Device Nodes in /dev...
[    1.250008] systemd[1]: Finished Load Kernel Modules.
[    1.252452] systemd[1]: Starting Apply Kernel Variables...
[    1.254598] systemd[1]: Finished Create Static Device Nodes in /dev.
[    1.258570] systemd[1]: Finished Apply Kernel Variables.
[    1.273077] systemd[1]: Started Journal Service.
[    1.273089] systemd-sysusers[486]: Creating group 'nobody' with GID 65534.
[    1.274574] systemd-sysusers[486]: Creating group 'sgx' with GID 999.
[    1.274658] systemd-sysusers[486]: Creating group 'users' with GID 100.
[    1.274730] systemd-sysusers[486]: Creating group 'root' with GID 998.
[    1.274798] systemd-sysusers[486]: Creating group 'dbus' with GID 81.
[    1.274868] systemd-sysusers[486]: Creating user 'dbus' (System Message Bus) with UID 81 and GID 81.
[    1.275075] dracut-cmdline[491]: dracut-414.92.202511122212-0 dracut-057-25.git20250717.el9_2.1
[    1.275099] dracut-cmdline[491]: Using kernel command line parameters:    BOOT_IMAGE=(hd0,gpt3)/ostree/rhcos-b4e01e668cc6c3f84feac0da240de838665a5d4f22652595b0ad6c01a6105c51/vmlinuz-5.14.0-284.147.1.el9_2.x86_64 ignition.platform.id=metal ostree=/ostree/boot.0/rhcos/b4e01e668cc6c3f84feac
[    1.275116] dracut-cmdline[491]: 0da240de838665a5d4f22652595b0ad6c01a6105c51/0 root=UUID=06c4a46c-9e8d-47ee-80a4-0b961f086b9a rw rootflags=prjquota boot=UUID=204943f6-ba1b-49f4-93e0-821a65e78b58 systemd.unified_cgroup_hierarchy=1 cgroup_no_v1=all psi=1
[    1.281840] systemd-modules-load[485]: Inserted module 'fuse'
[    1.282654] systemd-modules-load[485]: Module 'msr' is built in
[    1.283576] systemd[1]: Starting Create Volatile Files and Directories...
[    1.290167] systemd[1]: Finished Create Volatile Files and Directories.
[    1.479082] systemd[1]: Finished dracut cmdline hook.
[    1.481634] systemd[1]: Starting dracut pre-udev hook...
[    1.516195] device-mapper: core: CONFIG_IMA_DISABLE_HTABLE is disabled. Duplicate IMA measurements will not be recorded in the IMA log.
[    1.516957] device-mapper: uevent: version 1.0.3
[    1.517860] device-mapper: ioctl: 4.47.0-ioctl (2022-07-28) initialised: dm-devel@redhat.com
[    1.544879] systemd[1]: Finished dracut pre-udev hook.
[    1.547442] systemd[1]: Starting Rule-based Manager for Device Events and Files...
[    1.561123] systemd-udevd[641]: Using default interface naming scheme 'rhel-9.0'.
[    1.566863] systemd[1]: Started Rule-based Manager for Device Events and Files.
[    1.570211] systemd[1]: Starting dracut pre-trigger hook...
[    1.581562] dracut-pre-trigger[650]: rd.md=0: removing MD RAID activation
[    1.603446] systemd[1]: Finished dracut pre-trigger hook.
[    1.605827] systemd[1]: Starting Coldplug All udev Devices...
[    1.656930] systemd[1]: sys-module-fuse.device: Failed to enqueue SYSTEMD_WANTS= job, ignoring: Unit sys-fs-fuse-connections.mount not found.
[    1.661779] systemd[1]: Finished Coldplug All udev Devices.
[    1.665068] systemd[1]: nm-initrd.service was skipped because of an unmet condition check (ConditionPathExists=/run/NetworkManager/initrd/neednet).
[    1.666002] systemd[1]: Reached target Network.
[    1.668505] systemd[1]: nm-wait-online-initrd.service was skipped because of an unmet condition check (ConditionPathExists=/run/NetworkManager/initrd/neednet).
[    1.670220] systemd[1]: Starting dracut initqueue hook...
[    1.674199] systemd[1]: Starting Wait for udev To Complete Device Initialization...
[    1.681908] udevadm[713]: systemd-udev-settle.service is deprecated. Please fix multipathd-configure.service not to pull it in.
[    1.702435] virtio_blk virtio3: [vda] 209715200 512-byte logical blocks (107 GB/100 GiB)
[    1.707273]  vda: vda1 vda2 vda3 vda4
[    1.714321] virtio_net virtio1 enp1s0: renamed from eth0
[    1.715777] libata version 3.00 loaded.
[    1.723161] ahci 0000:00:1f.2: version 3.0
[    1.723419] ACPI: \_SB_.GSIA: Enabled at IRQ 16
[    1.726310] ahci 0000:00:1f.2: AHCI 0001.0000 32 slots 6 ports 1.5 Gbps 0x3f impl SATA mode
[    1.727215] ahci 0000:00:1f.2: flags: 64bit ncq only 
[    1.729045] scsi host0: ahci
[    1.730120] scsi host1: ahci
[    1.732017] scsi host2: ahci
[    1.733078] scsi host3: ahci
[    1.734103] scsi host4: ahci
[    1.735111] scsi host5: ahci
[    1.736010] ata1: SATA max UDMA/133 abar m4096@0x82440000 port 0x82440100 irq 84
[    1.736829] ata2: SATA max UDMA/133 abar m4096@0x82440000 port 0x82440180 irq 84
[    1.737643] ata3: SATA max UDMA/133 abar m4096@0x82440000 port 0x82440200 irq 84
[    1.738437] ata4: SATA max UDMA/133 abar m4096@0x82440000 port 0x82440280 irq 84
[    1.739198] ata5: SATA max UDMA/133 abar m4096@0x82440000 port 0x82440300 irq 84
[    1.739968] ata6: SATA max UDMA/133 abar m4096@0x82440000 port 0x82440380 irq 84
[    1.744152] systemd[1]: Found device /dev/disk/by-uuid/06c4a46c-9e8d-47ee-80a4-0b961f086b9a.
[    1.745797] systemd[1]: Reached target Initrd Root Device.
[    1.755930] systemd[1]: Finished dracut initqueue hook.
[    1.757234] systemd[1]: Reached target Preparation for Remote File Systems.
[    1.758657] systemd[1]: Reached target Remote Encrypted Volumes.
[    1.760023] systemd[1]: Reached target Remote File Systems.
[    1.762151] systemd[1]: Starting dracut pre-mount hook...
[    1.772876] systemd[1]: Finished dracut pre-mount hook.
[    2.047854] ata1: SATA link up 1.5 Gbps (SStatus 113 SControl 300)
[    2.048698] ata3: SATA link down (SStatus 0 SControl 300)
[    2.049423] ata1.00: ATAPI: QEMU DVD-ROM, 2.5+, max UDMA/100
[    2.050037] ata1.00: applying bridge limits
[    2.050727] ata4: SATA link down (SStatus 0 SControl 300)
[    2.051368] ata2: SATA link down (SStatus 0 SControl 300)
[    2.052004] ata5: SATA link down (SStatus 0 SControl 300)
[    2.052650] ata6: SATA link down (SStatus 0 SControl 300)
[    2.053375] ata1.00: configured for UDMA/100
[    2.054188] scsi 0:0:0:0: CD-ROM            QEMU     QEMU DVD-ROM     2.5+ PQ: 0 ANSI: 5
[    2.086499] scsi 0:0:0:0: Attached scsi generic sg0 type 5
[    2.094757] sr 0:0:0:0: [sr0] scsi3-mmc drive: 4x/4x cd/rw xa/form2 tray
[    2.095291] cdrom: Uniform CD-ROM driver Revision: 3.20
[    2.121509] sr 0:0:0:0: Attached scsi CD-ROM sr0
[    2.210196] systemd[1]: Finished Wait for udev To Complete Device Initialization.
[    2.211376] systemd[1]: Device-Mapper Multipath Default Configuration was skipped because of an unmet condition check (ConditionKernelCommandLine=rd.multipath=default).
[    2.212815] systemd[1]: Starting Device-Mapper Multipath Device Controller...
[    2.224371] multipathd[839]: --------start up--------
[    2.224985] multipathd[839]: read /etc/multipath.conf
[    2.225655] multipathd[839]: /etc/multipath.conf does not exist, blacklisting all devices.
[    2.226326] multipathd[839]: You can run "/sbin/mpathconf --enable" to create
[    2.227008] multipathd[839]: /etc/multipath.conf. See man mpathconf(8) for more details
[    2.227948] systemd[1]: Started Device-Mapper Multipath Device Controller.
[    2.227984] multipathd[839]: path checkers start up
[    2.228007] multipathd[839]: /etc/multipath.conf does not exist, blacklisting all devices.
[    2.228020] multipathd[839]: You can run "/sbin/mpathconf --enable" to create
[    2.228035] multipathd[839]: /etc/multipath.conf. See man mpathconf(8) for more details
[    2.231500] systemd[1]: Reached target Preparation for Local File Systems.
[    2.232695] systemd[1]: Reached target Local File Systems.
[    2.233894] systemd[1]: Reached target System Initialization.
[    2.235065] systemd[1]: Reached target Basic System.
[    2.236358] systemd[1]: Persist Osmet Files (ISO) was skipped because of an unmet condition check (ConditionKernelCommandLine=coreos.liveiso).
[    2.236968] systemd[1]: Acquire Live PXE rootfs Image was skipped because of an unmet condition check (ConditionPathExists=/run/ostree-live).
[    2.237740] systemd[1]: Persist Osmet Files (PXE) was skipped because of an unmet condition check (ConditionPathExists=/run/ostree-live).
[    2.237776] systemd[1]: Starting File System Check on /dev/disk/by-uuid/06c4a46c-9e8d-47ee-80a4-0b961f086b9a...
[    2.246397] systemd-fsck[850]: /usr/sbin/fsck.xfs: XFS file system.
[    2.247513] systemd[1]: Finished File System Check on /dev/disk/by-uuid/06c4a46c-9e8d-47ee-80a4-0b961f086b9a.
[    2.249566] systemd[1]: Mounting /sysroot...
[    2.502813] SGI XFS with ACLs, security attributes, scrub, quota, no debug enabled
[    2.505999] XFS (vda4): Mounting V5 Filesystem
[    2.529098] XFS (vda4): Ending clean mount
[    2.556117] systemd[1]: Mounted /sysroot.
[    2.558832] systemd[1]: Starting OSTree Prepare OS/...
[    2.560484] ostree-prepare-root[863]: preparing sysroot at /sysroot
[    2.561698] ostree-prepare-root[863]: Resolved OSTree target to: /sysroot/ostree/deploy/rhcos/deploy/ffd11381a88ef582976ed66a9583e3c95b290ac3704cb7aecc2cf3dee91d401c.1
[    2.563395] ostree-prepare-root[863]: filesystem at /sysroot currently writable: 1
[    2.563442] ostree-prepare-root[863]: sysroot.readonly configuration value: 1
[    2.563461] systemd[1]: Finished OSTree Prepare OS/.
[    2.566374] systemd[1]: Reached target Initrd Root File System.
[    2.567775] systemd[1]: CoreOS Propagate Multipath Configuration was skipped because of an unmet condition check (ConditionKernelCommandLine=rd.multipath=default).
[    2.569242] systemd[1]: Starting Mountpoints Configured in the Real Root...
[    2.578666] systemd[1]: Stopping Device-Mapper Multipath Device Controller...
[    2.578702] multipathd[839]: exit (signal)
[    2.580260] multipathd[839]: --------shut down-------
[    2.582732] systemd[1]: initrd-parse-etc.service: Deactivated successfully.
[    2.583550] systemd[1]: Finished Mountpoints Configured in the Real Root.
[    2.585189] systemd[1]: Reached target Initrd File Systems.
[    2.586736] systemd[1]: Reached target Initrd Default Target.
[    2.589063] systemd[1]: Starting dracut mount hook...
[    2.598948] systemd[1]: Finished dracut mount hook.
[    2.601576] systemd[1]: Starting dracut pre-pivot and cleanup hook...
[    2.603271] systemd[1]: multipathd.service: Deactivated successfully.
[    2.603994] systemd[1]: Stopped Device-Mapper Multipath Device Controller.
[    2.639837] dracut-pre-pivot[898]: 2.637961 | /etc/multipath.conf does not exist, blacklisting all devices.
[    2.641435] dracut-pre-pivot[898]: 2.637984 | You can run "/sbin/mpathconf --enable" to create
[    2.642838] dracut-pre-pivot[898]: 2.637987 | /etc/multipath.conf. See man mpathconf(8) for more details
[    2.645528] systemd[1]: Finished dracut pre-pivot and cleanup hook.
[    2.647164] systemd[1]: Workaround dracut FIPS unmounting /boot was skipped because of an unmet condition check (ConditionPathExists=/run/ostree-live).
[    2.648053] systemd[1]: Starting Cleaning Up and Shutting Down Daemons...
[    2.655846] systemd[1]: Stopped target Network.
[    2.657435] systemd[1]: Stopped target Remote Encrypted Volumes.
[    2.658963] systemd[1]: Stopped target Timer Units.
[    2.660488] systemd[1]: dbus.socket: Deactivated successfully.
[    2.661229] systemd[1]: Closed D-Bus System Message Bus Socket.
[    2.663624] systemd[1]: Unmount Live /var if Persistent /var Is Configured was skipped because of an unmet condition check (ConditionPathExists=/run/ostree-live).
[    2.665068] systemd[1]: dracut-pre-pivot.service: Deactivated successfully.
[    2.665087] systemd[1]: Stopped dracut pre-pivot and cleanup hook.
[    2.667548] systemd[1]: Stopped target Initrd Default Target.
[    2.669146] systemd[1]: Stopped target Basic System.
[    2.670629] systemd[1]: Stopped target Subsequent (Not Ignition) boot complete.
[    2.672200] systemd[1]: Stopped target Ignition Subsequent Boot Disk Setup.
[    2.673822] systemd[1]: Stopped target Initrd Root Device.
[    2.675528] systemd[1]: Stopped target Initrd /usr File System.
[    2.677064] systemd[1]: Stopped target Path Units.
[    2.678759] systemd[1]: Stopped target Remote File Systems.
[    2.680390] systemd[1]: Stopped target Preparation for Remote File Systems.
[    2.682040] systemd[1]: Stopped target Slice Units.
[    2.683724] systemd[1]: Stopped target Socket Units.
[    2.685235] systemd[1]: Stopped target System Initialization.
[    2.686737] systemd[1]: Stopped target Local File Systems.
[    2.688206] systemd[1]: Stopped target Preparation for Local File Systems.
[    2.689688] systemd[1]: Stopped target Swaps.
[    2.691163] systemd[1]: coreos-touch-run-agetty.service: Deactivated successfully.
[    2.691863] systemd[1]: Stopped CoreOS: Touch /run/agetty.reload.
[    2.693327] systemd[1]: dracut-mount.service: Deactivated successfully.
[    2.694019] systemd[1]: Stopped dracut mount hook.
[    2.695684] systemd[1]: dracut-pre-mount.service: Deactivated successfully.
[    2.696480] systemd[1]: Stopped dracut pre-mount hook.
[    2.698046] systemd[1]: Stopped target Local Encrypted Volumes.
[    2.699450] systemd[1]: systemd-ask-password-console.path: Deactivated successfully.
[    2.700174] systemd[1]: Stopped Dispatch Password Requests to Console Directory Watch.
[    2.701609] systemd[1]: Stopped target Local Encrypted Volumes (Pre).
[    2.703177] systemd[1]: clevis-luks-askpass.path: Deactivated successfully.
[    2.703899] systemd[1]: Stopped Forward Password Requests to Clevis Directory Watch.
[    2.705370] systemd[1]: dracut-initqueue.service: Deactivated successfully.
[    2.706055] systemd[1]: Stopped dracut initqueue hook.
[    2.707539] systemd[1]: Acquire Live PXE rootfs Image was skipped because of an unmet condition check (ConditionPathExists=/run/ostree-live).
[    2.708219] systemd[1]: systemd-sysctl.service: Deactivated successfully.
[    2.708236] systemd[1]: Stopped Apply Kernel Variables.
[    2.710434] systemd[1]: systemd-modules-load.service: Deactivated successfully.
[    2.711121] systemd[1]: Stopped Load Kernel Modules.
[    2.712667] systemd[1]: systemd-tmpfiles-setup.service: Deactivated successfully.
[    2.713421] systemd[1]: Stopped Create Volatile Files and Directories.
[    2.714998] systemd[1]: systemd-udev-settle.service: Deactivated successfully.
[    2.715704] systemd[1]: Stopped Wait for udev To Complete Device Initialization.
[    2.717243] systemd[1]: systemd-udev-trigger.service: Deactivated successfully.
[    2.717994] systemd[1]: Stopped Coldplug All udev Devices.
[    2.719601] systemd[1]: dracut-pre-trigger.service: Deactivated successfully.
[    2.720349] systemd[1]: Stopped dracut pre-trigger hook.
[    2.722024] systemd[1]: Stopping Rule-based Manager for Device Events and Files...
[    2.724642] systemd[1]: systemd-vconsole-setup.service: Deactivated successfully.
[    2.725653] systemd[1]: Stopped Setup Virtual Console.
[    2.729255] systemd[1]: systemd-udevd.service: Deactivated successfully.
[    2.730182] systemd[1]: Stopped Rule-based Manager for Device Events and Files.
[    2.732551] systemd[1]: systemd-udevd-control.socket: Deactivated successfully.
[    2.733516] systemd[1]: Closed udev Control Socket.
[    2.735436] systemd[1]: systemd-udevd-kernel.socket: Deactivated successfully.
[    2.736435] systemd[1]: Closed udev Kernel Socket.
[    2.738358] systemd[1]: dracut-pre-udev.service: Deactivated successfully.
[    2.739332] systemd[1]: Stopped dracut pre-udev hook.
[    2.741029] systemd[1]: dracut-cmdline.service: Deactivated successfully.
[    2.741839] systemd[1]: Stopped dracut cmdline hook.
[    2.744535] systemd[1]: Starting Cleanup udev Database...
[    2.746258] systemd[1]: systemd-tmpfiles-setup-dev.service: Deactivated successfully.
[    2.747148] systemd[1]: Stopped Create Static Device Nodes in /dev.
[    2.749026] systemd[1]: kmod-static-nodes.service: Deactivated successfully.
[    2.749826] systemd[1]: Stopped Create List of Static Device Nodes.
[    2.751524] systemd[1]: systemd-sysusers.service: Deactivated successfully.
[    2.752284] systemd[1]: Stopped Create System Users.
[    2.754148] systemd[1]: initrd-cleanup.service: Deactivated successfully.
[    2.755006] systemd[1]: Finished Cleaning Up and Shutting Down Daemons.
[    2.756726] systemd[1]: initrd-udevadm-cleanup-db.service: Deactivated successfully.
[    2.757513] systemd[1]: Finished Cleanup udev Database.
[    2.759646] systemd[1]: Reached target Switch Root.
[    2.761745] systemd[1]: Starting Switch Root...
[    2.771047] systemd[1]: Switching root.
[    2.790357] systemd-journald[484]: Received SIGTERM from PID 1 (systemd).
[    2.833930] audit: type=1404 audit(1763371920.776:2): enforcing=1 old_enforcing=0 auid=4294967295 ses=4294967295 enabled=1 old-enabled=1 lsm=selinux res=1
[    2.862892] SELinux:  policy capability network_peer_controls=1
[    2.863673] SELinux:  policy capability open_perms=1
[    2.864392] SELinux:  policy capability extended_socket_class=1
[    2.865052] SELinux:  policy capability always_check_network=0
[    2.865751] SELinux:  policy capability cgroup_seclabel=1
[    2.866376] SELinux:  policy capability nnp_nosuid_transition=1
[    2.867053] SELinux:  policy capability genfs_seclabel_symlinks=1
[    2.901788] audit: type=1403 audit(1763371920.844:3): auid=4294967295 ses=4294967295 lsm=selinux res=1
[    2.903714] systemd[1]: Successfully loaded SELinux policy in 69.919ms.
[    2.939049] systemd[1]: Relabelled /dev, /dev/shm, /run, /sys/fs/cgroup in 28.672ms.
[    2.944062] systemd[1]: systemd 252-14.el9_2.10 running in system mode (+PAM +AUDIT +SELINUX -APPARMOR +IMA +SMACK +SECCOMP +GCRYPT +GNUTLS +OPENSSL +ACL +BLKID +CURL +ELFUTILS -FIDO2 +IDN2 -IDN -IPTC +KMOD +LIBCRYPTSETUP +LIBFDISK +PCRE2 -PWQUALITY +P11KIT -QRENCODE +TPM2 +BZIP2 +LZ4 +XZ +ZLIB +ZSTD -BPF_FRAMEWORK +XKBCOMMON +UTMP +SYSVINIT default-hierarchy=unified)
[    2.946178] systemd[1]: Detected virtualization kvm.
[    2.946817] systemd[1]: Detected architecture x86-64.
[    2.950412] systemd[1]: Hostname set to <XXXXXX1>.
[    2.969478] systemd-rc-local-generator[928]: /etc/rc.d/rc.local is not marked executable, skipping.
[    3.118362] systemd[1]: initrd-switch-root.service: Deactivated successfully.
[    3.119104] systemd[1]: Stopped Switch Root.
[    3.120831] systemd[1]: systemd-journald.service: Scheduled restart job, restart counter is at 1.
[    3.121896] systemd[1]: Created slice Slice /system/getty.
[    3.123553] systemd[1]: Created slice Slice /system/modprobe.
[    3.125221] systemd[1]: Created slice Slice /system/sshd-keygen.
[    3.126722] systemd[1]: Created slice Slice /system/systemd-fsck.
[    3.128369] systemd[1]: Created slice User and Session Slice.
[    3.129809] systemd[1]: Started Forward Password Requests to Clevis Directory Watch.
[    3.131136] systemd[1]: Started Dispatch Password Requests to Console Directory Watch.
[    3.132629] systemd[1]: Started Forward Password Requests to Wall Directory Watch.
[    3.135172] systemd[1]: Set up automount Arbitrary Executable File Formats File System Automount Point.
[    3.136808] systemd[1]: Reached target Synchronize afterburn-sshkeys@.service template instances.
[    3.138104] systemd[1]: Reached target Local Encrypted Volumes (Pre).
[    3.139443] systemd[1]: Reached target Local Encrypted Volumes.
[    3.140801] systemd[1]: Stopped target Switch Root.
[    3.142113] systemd[1]: Stopped target Initrd File Systems.
[    3.143452] systemd[1]: Stopped target Initrd Root File System.
[    3.144904] systemd[1]: Reached target Local Integrity Protected Volumes.
[    3.146334] systemd[1]: Reached target Host and Network Name Lookups.
[    3.147598] systemd[1]: Reached target Remote Encrypted Volumes.
[    3.148997] systemd[1]: Reached target Remote File Systems.
[    3.150518] systemd[1]: Reached target Slice Units.
[    3.151978] systemd[1]: Reached target Swaps.
[    3.153483] systemd[1]: Reached target Local Verity Protected Volumes.
[    3.155509] systemd[1]: Listening on Device-mapper event daemon FIFOs.
[    3.158264] systemd[1]: Listening on LVM2 poll daemon socket.
[    3.159678] systemd[1]: multipathd control socket was skipped because of an unmet condition check (ConditionPathExists=/etc/multipath.conf).
[    3.165476] systemd[1]: Listening on RPCbind Server Activation Socket.
[    3.167064] systemd[1]: Reached target RPC Port Mapper.
[    3.170215] systemd[1]: Listening on Process Core Dump Socket.
[    3.171776] systemd[1]: Listening on initctl Compatibility Named Pipe.
[    3.173849] systemd[1]: Listening on udev Control Socket.
[    3.175563] systemd[1]: Listening on udev Kernel Socket.
[    3.178079] systemd[1]: Mounting Huge Pages File System...
[    3.180583] systemd[1]: Mounting POSIX Message Queue File System...
[    3.182725] systemd[1]: Mounting Kernel Debug File System...
[    3.184889] systemd[1]: Mounting Kernel Trace File System...
[    3.187233] systemd[1]: Mounting Temporary Directory /tmp...
[    3.189546] systemd[1]: Starting CoreOS: Set printk To Level 4 (warn)...
[    3.190978] systemd[1]: Ignition (delete config) was skipped because of an unmet condition check (ConditionFirstBoot=true).
[    3.193233] systemd[1]: Starting Create List of Static Device Nodes...
[    3.195694] systemd[1]: Starting Monitoring of LVM2 mirrors, snapshots etc. using dmeventd or progress polling...
[    3.198187] systemd[1]: Starting Load Kernel Module configfs...
[    3.200725] systemd[1]: Starting Load Kernel Module drm...
[    3.203249] systemd[1]: Starting Load Kernel Module efi_pstore...
[    3.205720] systemd[1]: Starting Load Kernel Module fuse...
[    3.207249] systemd[1]: ostree-prepare-root.service: Deactivated successfully.
[    3.207987] systemd[1]: Stopped OSTree Prepare OS/.
[    3.209455] systemd[1]: systemd-fsck-root.service: Deactivated successfully.
[    3.210146] systemd[1]: Stopped File System Check on Root Device.
[    3.211776] systemd[1]: Stopped Journal Service.
[    3.215088] systemd[1]: Starting Journal Service...
[    3.217976] systemd[1]: Starting Load Kernel Modules...
[    3.220341] systemd[1]: Starting Generate network units from Kernel command line...
[    3.222673] systemd[1]: Starting Remount Root and Kernel File Systems...
[    3.225604] systemd[1]: Starting Coldplug All udev Devices...
[    3.228606] Warning: Deprecated Driver is detected: iptables will not be maintained in a future major release and may be disabled
[    3.228940] systemd[1]: Mounted Huge Pages File System.
[    3.230841] systemd[1]: Mounted POSIX Message Queue File System.
[    3.232578] systemd[1]: Started Journal Service.
[    3.251238] ACPI: bus type drm_connector registered
[    3.777949] lpc_ich 0000:00:1f.0: I/O space for GPIO uninitialized
[    3.791570] input: PC Speaker as /devices/platform/pcspkr/input/input6
[    3.805740] i801_smbus 0000:00:1f.3: Enabling SMBus device
[    3.805839] i801_smbus 0000:00:1f.3: SMBus using PCI interrupt
[    3.805974] i2c i2c-0: 4/4 memory slots populated (from DMI)
[    3.805976] i2c i2c-0: Memory type 0x07 not supported yet, not instantiating SPD
[    3.812198] iTCO_vendor_support: vendor-support=0
[    3.814416] iTCO_wdt iTCO_wdt.1.auto: Found a ICH9 TCO device (Version=2, TCOBASE=0x0660)
[    3.814757] iTCO_wdt iTCO_wdt.1.auto: initialized. heartbeat=30 sec (nowayout=0)
[    3.815121] RAPL PMU: API unit is 2^-32 Joules, 0 fixed counters, 10737418240 ms ovfl timer
[    3.879210] [drm] pci: virtio-vga detected at 0000:00:01.0
[    3.883892] Console: switching to colour dummy device 80x25
[    3.883948] virtio-pci 0000:00:01.0: vgaarb: deactivate vga console
[    3.884096] [drm] features: -virgl +edid -resource_blob -host_visible
[    3.884098] [drm] features: -context_init
[    3.884683] [drm] number of scanouts: 1
[    3.884689] [drm] number of cap sets: 0
[    3.885097] [drm] Initialized virtio_gpu 0.1.0 0 for virtio0 on minor 0
[    3.889692] virtio_gpu virtio0: [drm] drm_plane_enable_fb_damage_clips() not called
[    3.889723] Console: switching to colour frame buffer device 160x50
[    3.892626] virtio_gpu virtio0: [drm] fb0: virtio_gpudrmfb frame buffer device
[    4.141133] systemd-journald[981]: Received client request to flush runtime journal.
[    4.332792] EXT4-fs (vda3): mounted filesystem with ordered data mode. Quota mode: none.
[    5.085392] openvswitch: Open vSwitch switching datapath
[    5.588671] VFS: idmapped mount is not enabled.
[    5.967934] systemd-rc-local-generator[1838]: /etc/rc.d/rc.local is not marked executable, skipping.
[    7.317383] device ovs-system entered promiscuous mode
[    7.318452] Timeout policy base is empty
[    7.318455] Failed to associated timeout policy `ovs_test_tp'
[    7.368544] device enp1s0 entered promiscuous mode
[    7.567314] device enp1s0 left promiscuous mode
[    7.569797] device ovs-system left promiscuous mode
[    7.587730] device ovs-system entered promiscuous mode
[    7.588562] No such timeout policy "ovs_test_tp"
[    7.588565] Failed to associated timeout policy `ovs_test_tp'
[    7.598382] device enp1s0 entered promiscuous mode
[    8.067598] device br-ex entered promiscuous mode
[   22.982283] Warning: Deprecated Driver is detected: nft_compat will not be maintained in a future major release and may be disabled
[  300.457674] systemd-rc-local-generator[6415]: /etc/rc.d/rc.local is not marked executable, skipping.
[  302.134325] EXT4-fs (vda3): re-mounted. Quota mode: none.
[  361.781158] device br-int entered promiscuous mode
[  368.252181] device ovn-k8s-mp0 entered promiscuous mode
[  371.222576] device genev_sys_6081 entered promiscuous mode
[  386.659562] IPv6: ADDRCONF(NETDEV_CHANGE): eth0: link becomes ready
[  386.659616] IPv6: ADDRCONF(NETDEV_CHANGE): cb8d7490ce66186: link becomes ready
[  386.679850] device cb8d7490ce66186 entered promiscuous mode
[  387.025475] IPv6: ADDRCONF(NETDEV_CHANGE): f4bfc7350c0b4e6: link becomes ready
[  387.044038] device f4bfc7350c0b4e6 entered promiscuous mode
[  387.321014] IPv6: ADDRCONF(NETDEV_CHANGE): cd2e9a07d18793d: link becomes ready
[  387.342080] device cd2e9a07d18793d entered promiscuous mode
[  387.874433] IPv6: ADDRCONF(NETDEV_CHANGE): eth0: link becomes ready
[  387.874491] IPv6: ADDRCONF(NETDEV_CHANGE): 05a182a578109ac: link becomes ready
[  387.893840] device 05a182a578109ac entered promiscuous mode
[  388.013227] IPv6: ADDRCONF(NETDEV_CHANGE): 6f939318e321d86: link becomes ready
[  388.033192] device 6f939318e321d86 entered promiscuous mode
[  395.094019] systemd-rc-local-generator[10263]: /etc/rc.d/rc.local is not marked executable, skipping.
[  395.662574] systemd-rc-local-generator[10343]: /etc/rc.d/rc.local is not marked executable, skipping.
[  396.034595] systemd-rc-local-generator[10424]: /etc/rc.d/rc.local is not marked executable, skipping.
[  396.405690] systemd-rc-local-generator[10544]: /etc/rc.d/rc.local is not marked executable, skipping.
[  396.863088] systemd-rc-local-generator[10621]: /etc/rc.d/rc.local is not marked executable, skipping.
[  397.268811] systemd-rc-local-generator[10724]: /etc/rc.d/rc.local is not marked executable, skipping.
[  397.672482] systemd-rc-local-generator[10823]: /etc/rc.d/rc.local is not marked executable, skipping.
[  398.053311] systemd-rc-local-generator[10878]: /etc/rc.d/rc.local is not marked executable, skipping.
[  398.433192] systemd-rc-local-generator[10941]: /etc/rc.d/rc.local is not marked executable, skipping.
[  398.795676] systemd-rc-local-generator[11004]: /etc/rc.d/rc.local is not marked executable, skipping.
[  399.162548] systemd-rc-local-generator[11060]: /etc/rc.d/rc.local is not marked executable, skipping.
[  399.564431] systemd-rc-local-generator[11155]: /etc/rc.d/rc.local is not marked executable, skipping.
[  399.915007] systemd-rc-local-generator[11234]: /etc/rc.d/rc.local is not marked executable, skipping.
[  400.393935] systemd-rc-local-generator[11352]: /etc/rc.d/rc.local is not marked executable, skipping.
[  400.783827] systemd-rc-local-generator[11419]: /etc/rc.d/rc.local is not marked executable, skipping.
[  401.125088] systemd-rc-local-generator[11467]: /etc/rc.d/rc.local is not marked executable, skipping.
[  401.503480] systemd-rc-local-generator[11530]: /etc/rc.d/rc.local is not marked executable, skipping.
[  401.863378] systemd-rc-local-generator[11577]: /etc/rc.d/rc.local is not marked executable, skipping.
[  406.832063] device f4bfc7350c0b4e6 left promiscuous mode
[  414.662556] IPv6: ADDRCONF(NETDEV_CHANGE): eth0: link becomes ready
[  414.662595] IPv6: ADDRCONF(NETDEV_CHANGE): 3f25407cca99465: link becomes ready
[  414.688707] device 3f25407cca99465 entered promiscuous mode
[  414.841826] IPv6: ADDRCONF(NETDEV_CHANGE): 0cb178cbb58c357: link becomes ready
[  414.867262] device 0cb178cbb58c357 entered promiscuous mode
[  415.447554] IPv6: ADDRCONF(NETDEV_CHANGE): d4744a109a41653: link becomes ready
[  415.472571] device d4744a109a41653 entered promiscuous mode
[  417.380004] IPv6: ADDRCONF(NETDEV_CHANGE): eth0: link becomes ready
[  417.380051] IPv6: ADDRCONF(NETDEV_CHANGE): 40ecb7cea740169: link becomes ready
[  417.402042] device 40ecb7cea740169 entered promiscuous mode
[  420.113230] IPv6: ADDRCONF(NETDEV_CHANGE): eth0: link becomes ready
[  420.113288] IPv6: ADDRCONF(NETDEV_CHANGE): c04cdcd816739bc: link becomes ready
[  420.136783] device c04cdcd816739bc entered promiscuous mode
[  420.904741] IPv6: ADDRCONF(NETDEV_CHANGE): 0a5024f84e417cc: link becomes ready
[  420.927838] device 0a5024f84e417cc entered promiscuous mode
[  422.652914] IPv6: ADDRCONF(NETDEV_CHANGE): eth0: link becomes ready
[  422.652982] IPv6: ADDRCONF(NETDEV_CHANGE): 0449761d5f0384e: link becomes ready
[  422.677407] device 0449761d5f0384e entered promiscuous mode
[  426.353264] IPv6: ADDRCONF(NETDEV_CHANGE): eth0: link becomes ready
[  426.353310] IPv6: ADDRCONF(NETDEV_CHANGE): 6c0d6d85b5cfdf9: link becomes ready
[  426.375174] device 6c0d6d85b5cfdf9 entered promiscuous mode
[  427.749322] IPv6: ADDRCONF(NETDEV_CHANGE): eth0: link becomes ready
[  427.749359] IPv6: ADDRCONF(NETDEV_CHANGE): f13524520834c63: link becomes ready
[  427.771830] device f13524520834c63 entered promiscuous mode
[  428.063083] IPv6: ADDRCONF(NETDEV_CHANGE): 5f8b0f1e93ff5f1: link becomes ready
[  428.085185] device 5f8b0f1e93ff5f1 entered promiscuous mode
[  490.906477] device 6c0d6d85b5cfdf9 left promiscuous mode
[  492.497569] IPv6: ADDRCONF(NETDEV_CHANGE): eth0: link becomes ready
[  492.497618] IPv6: ADDRCONF(NETDEV_CHANGE): f64f2d4789e51d8: link becomes ready
[  492.531484] device f64f2d4789e51d8 entered promiscuous mode
[  518.863065] device 0a5024f84e417cc left promiscuous mode
[  519.560162] IPv6: ADDRCONF(NETDEV_CHANGE): 95498eb4ae0fb33: link becomes ready
[  519.582819] device 95498eb4ae0fb33 entered promiscuous mode
[  783.755472] IPv6: ADDRCONF(NETDEV_CHANGE): eth0: link becomes ready
[  783.755518] IPv6: ADDRCONF(NETDEV_CHANGE): 9decef095af9bf7: link becomes ready
[  783.778232] device 9decef095af9bf7 entered promiscuous mode
[  787.023177] device 9decef095af9bf7 left promiscuous mode
[ 1120.247030] systemd-rc-local-generator[35396]: /etc/rc.d/rc.local is not marked executable, skipping.
[ 1120.789981] systemd-rc-local-generator[35457]: /etc/rc.d/rc.local is not marked executable, skipping.
[ 1121.316301] systemd-rc-local-generator[35507]: /etc/rc.d/rc.local is not marked executable, skipping.
[ 1121.874626] systemd-rc-local-generator[35563]: /etc/rc.d/rc.local is not marked executable, skipping.
[ 1122.429979] systemd-rc-local-generator[35668]: /etc/rc.d/rc.local is not marked executable, skipping.
[ 1122.951414] systemd-rc-local-generator[35761]: /etc/rc.d/rc.local is not marked executable, skipping.
[ 1123.520026] systemd-rc-local-generator[35817]: /etc/rc.d/rc.local is not marked executable, skipping.
[ 1124.047646] systemd-rc-local-generator[35870]: /etc/rc.d/rc.local is not marked executable, skipping.
[ 1124.604417] systemd-rc-local-generator[35931]: /etc/rc.d/rc.local is not marked executable, skipping.
[ 1125.141007] systemd-rc-local-generator[35979]: /etc/rc.d/rc.local is not marked executable, skipping.
[ 1125.722753] systemd-rc-local-generator[36040]: /etc/rc.d/rc.local is not marked executable, skipping.
[ 1126.253252] systemd-rc-local-generator[36091]: /etc/rc.d/rc.local is not marked executable, skipping.
[ 1126.821383] systemd-rc-local-generator[36147]: /etc/rc.d/rc.local is not marked executable, skipping.
[ 1127.387080] systemd-rc-local-generator[36216]: /etc/rc.d/rc.local is not marked executable, skipping.
[ 1127.940684] systemd-rc-local-generator[36318]: /etc/rc.d/rc.local is not marked executable, skipping.
[ 1128.504137] systemd-rc-local-generator[36379]: /etc/rc.d/rc.local is not marked executable, skipping.
[ 1129.031795] systemd-rc-local-generator[36429]: /etc/rc.d/rc.local is not marked executable, skipping.
[ 1129.574268] systemd-rc-local-generator[36484]: /etc/rc.d/rc.local is not marked executable, skipping.
[ 1253.322947] IPv6: ADDRCONF(NETDEV_CHANGE): eth0: link becomes ready
[ 1253.323004] IPv6: ADDRCONF(NETDEV_CHANGE): 32fb4a116d18773: link becomes ready
[ 1253.345208] device 32fb4a116d18773 entered promiscuous mode
